Archive member included because of file (symbol)

c:/src/winavr/bin/../lib/gcc/avr/4.3.3/avr5\libgcc.a(_exit.o)
                              c:/src/winavr/bin/../lib/gcc/avr/4.3.3/../../../../avr/lib/avr5/crtm32.o (exit)
c:/src/winavr/bin/../lib/gcc/avr/4.3.3/avr5\libgcc.a(_copy_data.o)
                              ./SystemControl/SystemControl_Program.o (__do_copy_data)
c:/src/winavr/bin/../lib/gcc/avr/4.3.3/avr5\libgcc.a(_clear_bss.o)
                              ./SystemControl/SystemControl_Program.o (__do_clear_bss)
c:/src/winavr/bin/../lib/gcc/avr/4.3.3/avr5\libgcc.a(_ashldi3.o)
                              ./HAL/LCD/LCD_Program.o (__ashldi3)
c:/src/winavr/bin/../lib/gcc/avr/4.3.3/avr5\libgcc.a(_divdi3.o)
                              ./HAL/LCD/LCD_Program.o (__divdi3)
c:/src/winavr/bin/../lib/gcc/avr/4.3.3/avr5\libgcc.a(_moddi3.o)
                              ./HAL/LCD/LCD_Program.o (__moddi3)
c:/src/winavr/bin/../lib/gcc/avr/4.3.3/avr5\libgcc.a(_udivdi3.o)
                              ./HAL/LCD/LCD_Program.o (__udivdi3)
c:/src/winavr/bin/../lib/gcc/avr/4.3.3/avr5\libgcc.a(_umoddi3.o)
                              ./HAL/LCD/LCD_Program.o (__umoddi3)
c:/src/winavr/bin/../lib/gcc/avr/4.3.3/avr5\libgcc.a(_mulsi3.o)
                              c:/src/winavr/bin/../lib/gcc/avr/4.3.3/avr5\libgcc.a(_divdi3.o) (__mulsi3)
c:/src/winavr/bin/../lib/gcc/avr/4.3.3/avr5\libgcc.a(_udivmodsi4.o)
                              c:/src/winavr/bin/../lib/gcc/avr/4.3.3/avr5\libgcc.a(_divdi3.o) (__udivmodsi4)
c:/src/winavr/bin/../lib/gcc/avr/4.3.3/avr5\libgcc.a(_prologue.o)
                              c:/src/winavr/bin/../lib/gcc/avr/4.3.3/avr5\libgcc.a(_divdi3.o) (__prologue_saves__)
c:/src/winavr/bin/../lib/gcc/avr/4.3.3/avr5\libgcc.a(_epilogue.o)
                              c:/src/winavr/bin/../lib/gcc/avr/4.3.3/avr5\libgcc.a(_divdi3.o) (__epilogue_restores__)
c:/src/winavr/bin/../lib/gcc/avr/4.3.3/avr5\libgcc.a(_clz.o)
                              c:/src/winavr/bin/../lib/gcc/avr/4.3.3/avr5\libgcc.a(_divdi3.o) (__clz_tab)
c:/src/winavr/bin/../lib/gcc/avr/4.3.3/../../../../avr/lib/avr5\libc.a(memcpy.o)
                              ./FreeRTOS/queue.o (memcpy)
c:/src/winavr/bin/../lib/gcc/avr/4.3.3/../../../../avr/lib/avr5\libc.a(memset.o)
                              ./FreeRTOS/tasks.o (memset)
c:/src/winavr/bin/../lib/gcc/avr/4.3.3/../../../../avr/lib/avr5\libc.a(strncpy.o)
                              ./FreeRTOS/tasks.o (strncpy)

Allocating common symbols
Common symbol       size              file

Fan_Semaphore       0x2               ./main.o
BTN2_Semaphore      0x2               ./main.o
LCD_xMutex          0x2               ./main.o
BTN1_Semaphore      0x2               ./main.o

Memory Configuration

Name             Origin             Length             Attributes
text             0x00000000         0x00020000         xr
data             0x00800060         0x0000ffa0         rw !x
eeprom           0x00810000         0x00010000         rw !x
fuse             0x00820000         0x00000400         rw !x
lock             0x00830000         0x00000400         rw !x
signature        0x00840000         0x00000400         rw !x
*default*        0x00000000         0xffffffff

Linker script and memory map

LOAD c:/src/winavr/bin/../lib/gcc/avr/4.3.3/../../../../avr/lib/avr5/crtm32.o
LOAD ./SystemControl/SystemControl_Program.o
LOAD ./MCAL/USART/USART_Program.o
LOAD ./MCAL/TIMERS/TIMER_Program.o
LOAD ./MCAL/SPI/SPI_Program.o
LOAD ./MCAL/POWERMANAGEMENT/POWERMANAGEMENT_Program.o
LOAD ./MCAL/GIE/GIE_Program.o
LOAD ./MCAL/EXTI/EXTI_Program.o
LOAD ./MCAL/DIO/DIO_Program.o
LOAD ./HAL/LCD/LCD_Program.o
LOAD ./FreeRTOS/croutine.o
LOAD ./FreeRTOS/heap_1.o
LOAD ./FreeRTOS/list.o
LOAD ./FreeRTOS/port.o
LOAD ./FreeRTOS/queue.o
LOAD ./FreeRTOS/tasks.o
LOAD ./FreeRTOS/timers.o
LOAD ./main.o
LOAD c:/src/winavr/bin/../lib/gcc/avr/4.3.3/avr5\libgcc.a
LOAD c:/src/winavr/bin/../lib/gcc/avr/4.3.3/../../../../avr/lib/avr5\libc.a
LOAD c:/src/winavr/bin/../lib/gcc/avr/4.3.3/avr5\libgcc.a

.hash
 *(.hash)

.dynsym
 *(.dynsym)

.dynstr
 *(.dynstr)

.gnu.version
 *(.gnu.version)

.gnu.version_d
 *(.gnu.version_d)

.gnu.version_r
 *(.gnu.version_r)

.rel.init
 *(.rel.init)

.rela.init
 *(.rela.init)

.rel.text
 *(.rel.text)
 *(.rel.text.*)
 *(.rel.gnu.linkonce.t*)

.rela.text
 *(.rela.text)
 *(.rela.text.*)
 *(.rela.gnu.linkonce.t*)

.rel.fini
 *(.rel.fini)

.rela.fini
 *(.rela.fini)

.rel.rodata
 *(.rel.rodata)
 *(.rel.rodata.*)
 *(.rel.gnu.linkonce.r*)

.rela.rodata
 *(.rela.rodata)
 *(.rela.rodata.*)
 *(.rela.gnu.linkonce.r*)

.rel.data
 *(.rel.data)
 *(.rel.data.*)
 *(.rel.gnu.linkonce.d*)

.rela.data
 *(.rela.data)
 *(.rela.data.*)
 *(.rela.gnu.linkonce.d*)

.rel.ctors
 *(.rel.ctors)

.rela.ctors
 *(.rela.ctors)

.rel.dtors
 *(.rel.dtors)

.rela.dtors
 *(.rela.dtors)

.rel.got
 *(.rel.got)

.rela.got
 *(.rela.got)

.rel.bss
 *(.rel.bss)

.rela.bss
 *(.rela.bss)

.rel.plt
 *(.rel.plt)

.rela.plt
 *(.rela.plt)

.text           0x00000000     0x70c8
 *(.vectors)
 .vectors       0x00000000       0x54 c:/src/winavr/bin/../lib/gcc/avr/4.3.3/../../../../avr/lib/avr5/crtm32.o
                0x00000000                __vectors
                0x00000000                __vector_default
 *(.vectors)
 *(.progmem.gcc*)
 *(.progmem*)
                0x00000054                . = ALIGN (0x2)
                0x00000054                __trampolines_start = .
 *(.trampolines)
 .trampolines   0x00000054        0x0 linker stubs
 *(.trampolines*)
                0x00000054                __trampolines_end = .
 *(.jumptables)
 *(.jumptables*)
 *(.lowtext)
 *(.lowtext*)
                0x00000054                __ctors_start = .
 *(.ctors)
                0x00000054                __ctors_end = .
                0x00000054                __dtors_start = .
 *(.dtors)
                0x00000054                __dtors_end = .
 SORT(*)(.ctors)
 SORT(*)(.dtors)
 *(.init0)
 .init0         0x00000054        0x0 c:/src/winavr/bin/../lib/gcc/avr/4.3.3/../../../../avr/lib/avr5/crtm32.o
                0x00000054                __init
 *(.init0)
 *(.init1)
 *(.init1)
 *(.init2)
 .init2         0x00000054        0xc c:/src/winavr/bin/../lib/gcc/avr/4.3.3/../../../../avr/lib/avr5/crtm32.o
 *(.init2)
 *(.init3)
 *(.init3)
 *(.init4)
 .init4         0x00000060       0x16 c:/src/winavr/bin/../lib/gcc/avr/4.3.3/avr5\libgcc.a(_copy_data.o)
                0x00000060                __do_copy_data
 .init4         0x00000076       0x10 c:/src/winavr/bin/../lib/gcc/avr/4.3.3/avr5\libgcc.a(_clear_bss.o)
                0x00000076                __do_clear_bss
 *(.init4)
 *(.init5)
 *(.init5)
 *(.init6)
 *(.init6)
 *(.init7)
 *(.init7)
 *(.init8)
 *(.init8)
 *(.init9)
 .init9         0x00000086        0x8 c:/src/winavr/bin/../lib/gcc/avr/4.3.3/../../../../avr/lib/avr5/crtm32.o
 *(.init9)
 *(.text)
 .text          0x0000008e        0x4 c:/src/winavr/bin/../lib/gcc/avr/4.3.3/../../../../avr/lib/avr5/crtm32.o
                0x0000008e                __bad_interrupt
                0x0000008e                __vector_17
                0x0000008e                __vector_19
                0x0000008e                __vector_14
                0x0000008e                __vector_16
                0x0000008e                __vector_18
                0x0000008e                __vector_20
 .text          0x00000092        0x0 ./SystemControl/SystemControl_Program.o
 .text          0x00000092        0x0 ./MCAL/USART/USART_Program.o
 .text          0x00000092        0x0 ./MCAL/TIMERS/TIMER_Program.o
 .text          0x00000092        0x0 ./MCAL/SPI/SPI_Program.o
 .text          0x00000092        0x0 ./MCAL/POWERMANAGEMENT/POWERMANAGEMENT_Program.o
 .text          0x00000092        0x0 ./MCAL/GIE/GIE_Program.o
 .text          0x00000092        0x0 ./MCAL/EXTI/EXTI_Program.o
 .text          0x00000092        0x0 ./MCAL/DIO/DIO_Program.o
 .text          0x00000092        0x0 ./HAL/LCD/LCD_Program.o
 .text          0x00000092        0x0 ./FreeRTOS/croutine.o
 .text          0x00000092        0x0 ./FreeRTOS/heap_1.o
 .text          0x00000092        0x0 ./FreeRTOS/list.o
 .text          0x00000092        0x0 ./FreeRTOS/port.o
 .text          0x00000092        0x0 ./FreeRTOS/queue.o
 .text          0x00000092        0x0 ./FreeRTOS/tasks.o
 .text          0x00000092        0x0 ./FreeRTOS/timers.o
 .text          0x00000092        0x0 ./main.o
 .text          0x00000092        0x0 c:/src/winavr/bin/../lib/gcc/avr/4.3.3/avr5\libgcc.a(_exit.o)
 .text          0x00000092        0x0 c:/src/winavr/bin/../lib/gcc/avr/4.3.3/avr5\libgcc.a(_copy_data.o)
 .text          0x00000092        0x0 c:/src/winavr/bin/../lib/gcc/avr/4.3.3/avr5\libgcc.a(_clear_bss.o)
 .text          0x00000092       0xfe c:/src/winavr/bin/../lib/gcc/avr/4.3.3/avr5\libgcc.a(_ashldi3.o)
                0x00000092                __ashldi3
 .text          0x00000190     0x1050 c:/src/winavr/bin/../lib/gcc/avr/4.3.3/avr5\libgcc.a(_divdi3.o)
                0x00000190                __divdi3
 .text          0x000011e0     0x107a c:/src/winavr/bin/../lib/gcc/avr/4.3.3/avr5\libgcc.a(_moddi3.o)
                0x000011e0                __moddi3
 .text          0x0000225a      0xcea c:/src/winavr/bin/../lib/gcc/avr/4.3.3/avr5\libgcc.a(_udivdi3.o)
                0x0000225a                __udivdi3
 .text          0x00002f44      0xce0 c:/src/winavr/bin/../lib/gcc/avr/4.3.3/avr5\libgcc.a(_umoddi3.o)
                0x00002f44                __umoddi3
 .text          0x00003c24        0x0 c:/src/winavr/bin/../lib/gcc/avr/4.3.3/avr5\libgcc.a(_mulsi3.o)
 .text          0x00003c24        0x0 c:/src/winavr/bin/../lib/gcc/avr/4.3.3/avr5\libgcc.a(_udivmodsi4.o)
 .text          0x00003c24        0x0 c:/src/winavr/bin/../lib/gcc/avr/4.3.3/avr5\libgcc.a(_prologue.o)
 .text          0x00003c24        0x0 c:/src/winavr/bin/../lib/gcc/avr/4.3.3/avr5\libgcc.a(_epilogue.o)
 .text          0x00003c24        0x0 c:/src/winavr/bin/../lib/gcc/avr/4.3.3/avr5\libgcc.a(_clz.o)
 .text          0x00003c24        0x0 c:/src/winavr/bin/../lib/gcc/avr/4.3.3/../../../../avr/lib/avr5\libc.a(memcpy.o)
 .text          0x00003c24        0x0 c:/src/winavr/bin/../lib/gcc/avr/4.3.3/../../../../avr/lib/avr5\libc.a(memset.o)
 .text          0x00003c24        0x0 c:/src/winavr/bin/../lib/gcc/avr/4.3.3/../../../../avr/lib/avr5\libc.a(strncpy.o)
                0x00003c24                . = ALIGN (0x2)
 *(.text.*)
 .text.FAN      0x00003c24      0x1b8 ./SystemControl/SystemControl_Program.o
                0x00003c24                FAN
 .text.UART_TASK
                0x00003ddc       0x46 ./SystemControl/SystemControl_Program.o
                0x00003ddc                UART_TASK
 .text.ROOM_2   0x00003e22      0x130 ./SystemControl/SystemControl_Program.o
                0x00003e22                ROOM_2
 .text.ROOM_1   0x00003f52      0x130 ./SystemControl/SystemControl_Program.o
                0x00003f52                ROOM_1
 .text.Button_2
                0x00004082       0x2a ./SystemControl/SystemControl_Program.o
                0x00004082                Button_2
 .text.Button_1
                0x000040ac       0x2a ./SystemControl/SystemControl_Program.o
                0x000040ac                Button_1
 .text.USART_voidInit
                0x000040d6       0x1a ./MCAL/USART/USART_Program.o
                0x000040d6                USART_voidInit
 .text.USART_u8SendData
                0x000040f0       0x38 ./MCAL/USART/USART_Program.o
                0x000040f0                USART_u8SendData
 .text.USART_u8RecevieData
                0x00004128       0x34 ./MCAL/USART/USART_Program.o
                0x00004128                USART_u8RecevieData
 .text.USART_u8SendStringSynch
                0x0000415c       0x26 ./MCAL/USART/USART_Program.o
                0x0000415c                USART_u8SendStringSynch
 .text.USART_u8SendStringAsynch
                0x00004182       0x40 ./MCAL/USART/USART_Program.o
                0x00004182                USART_u8SendStringAsynch
 .text.USART_u8ReceiveBufferSynch
                0x000041c2       0x44 ./MCAL/USART/USART_Program.o
                0x000041c2                USART_u8ReceiveBufferSynch
 .text.USART_u8ReceiveBufferAsynch
                0x00004206       0x42 ./MCAL/USART/USART_Program.o
                0x00004206                USART_u8ReceiveBufferAsynch
 .text.__vector_13
                0x00004248       0x7a ./MCAL/USART/USART_Program.o
                0x00004248                __vector_13
 .text.__vector_15
                0x000042c2       0x78 ./MCAL/USART/USART_Program.o
                0x000042c2                __vector_15
 .text.TIMER0_voidInit
                0x0000433a       0x28 ./MCAL/TIMERS/TIMER_Program.o
                0x0000433a                TIMER0_voidInit
 .text.TIMER0_voidSetPreload
                0x00004362        0x4 ./MCAL/TIMERS/TIMER_Program.o
                0x00004362                TIMER0_voidSetPreload
 .text.TIMER0_voidSetCTC
                0x00004366        0x4 ./MCAL/TIMERS/TIMER_Program.o
                0x00004366                TIMER0_voidSetCTC
 .text.TIMER0_voidSetFastPWM
                0x0000436a        0x4 ./MCAL/TIMERS/TIMER_Program.o
                0x0000436a                TIMER0_voidSetFastPWM
 .text.TIMER0_voidSetPhaseCorrectPWM
                0x0000436e        0x2 ./MCAL/TIMERS/TIMER_Program.o
                0x0000436e                TIMER0_voidSetPhaseCorrectPWM
 .text.TIMER0_u8GetTimerCounterValue
                0x00004370        0x4 ./MCAL/TIMERS/TIMER_Program.o
                0x00004370                TIMER0_u8GetTimerCounterValue
 .text.TIMER1_voidInit
                0x00004374       0x74 ./MCAL/TIMERS/TIMER_Program.o
                0x00004374                TIMER1_voidInit
 .text.TIMER1_voidSetPreload
                0x000043e8        0xa ./MCAL/TIMERS/TIMER_Program.o
                0x000043e8                TIMER1_voidSetPreload
 .text.TIMER1_voidSetCTCA
                0x000043f2        0xa ./MCAL/TIMERS/TIMER_Program.o
                0x000043f2                TIMER1_voidSetCTCA
 .text.TIMER1_voidSetCTCB
                0x000043fc        0xa ./MCAL/TIMERS/TIMER_Program.o
                0x000043fc                TIMER1_voidSetCTCB
 .text.TIMER1_u8GetTimerCounterValue
                0x00004406       0x12 ./MCAL/TIMERS/TIMER_Program.o
                0x00004406                TIMER1_u8GetTimerCounterValue
 .text.TIMER2_voidInit
                0x00004418       0x28 ./MCAL/TIMERS/TIMER_Program.o
                0x00004418                TIMER2_voidInit
 .text.TIMER2_voidSetPreload
                0x00004440        0x4 ./MCAL/TIMERS/TIMER_Program.o
                0x00004440                TIMER2_voidSetPreload
 .text.TIMER2_voidSetCTC
                0x00004444        0x4 ./MCAL/TIMERS/TIMER_Program.o
                0x00004444                TIMER2_voidSetCTC
 .text.TIMER2_voidSetFastPWM
                0x00004448        0x4 ./MCAL/TIMERS/TIMER_Program.o
                0x00004448                TIMER2_voidSetFastPWM
 .text.TIMER2_voidSetPhaseCorrectPWM
                0x0000444c        0x2 ./MCAL/TIMERS/TIMER_Program.o
                0x0000444c                TIMER2_voidSetPhaseCorrectPWM
 .text.TIMER2_u8GetTimerCounterValue
                0x0000444e        0x4 ./MCAL/TIMERS/TIMER_Program.o
                0x0000444e                TIMER2_u8GetTimerCounterValue
 .text.TIMER_voidICUInitEnable
                0x00004452        0xe ./MCAL/TIMERS/TIMER_Program.o
                0x00004452                TIMER_voidICUInitEnable
 .text.TIMER_voidICUSetTriggerEdge
                0x00004460       0x12 ./MCAL/TIMERS/TIMER_Program.o
                0x00004460                TIMER_voidICUSetTriggerEdge
 .text.TIMER_voidICUEnableInterrupt
                0x00004472        0x8 ./MCAL/TIMERS/TIMER_Program.o
                0x00004472                TIMER_voidICUEnableInterrupt
 .text.TIMER_voidICUDisableInterrupt
                0x0000447a        0x8 ./MCAL/TIMERS/TIMER_Program.o
                0x0000447a                TIMER_voidICUDisableInterrupt
 .text.TIMER_u16GetICR
                0x00004482       0x12 ./MCAL/TIMERS/TIMER_Program.o
                0x00004482                TIMER_u16GetICR
 .text.TIMER_voidWDTSleep
                0x00004494        0xe ./MCAL/TIMERS/TIMER_Program.o
                0x00004494                TIMER_voidWDTSleep
 .text.TIMER_voidWDTEnable
                0x000044a2        0x8 ./MCAL/TIMERS/TIMER_Program.o
                0x000044a2                TIMER_voidWDTEnable
 .text.TIMER_voidWDTDisable
                0x000044aa        0xa ./MCAL/TIMERS/TIMER_Program.o
                0x000044aa                TIMER_voidWDTDisable
 .text.TIMER_u8SetCallBack
                0x000044b4       0x26 ./MCAL/TIMERS/TIMER_Program.o
                0x000044b4                TIMER_u8SetCallBack
 .text.__vector_11
                0x000044da       0x52 ./MCAL/TIMERS/TIMER_Program.o
                0x000044da                __vector_11
 .text.__vector_10
                0x0000452c       0x52 ./MCAL/TIMERS/TIMER_Program.o
                0x0000452c                __vector_10
 .text.__vector_9
                0x0000457e       0x52 ./MCAL/TIMERS/TIMER_Program.o
                0x0000457e                __vector_9
 .text.__vector_8
                0x000045d0       0x52 ./MCAL/TIMERS/TIMER_Program.o
                0x000045d0                __vector_8
 .text.__vector_6
                0x00004622       0x52 ./MCAL/TIMERS/TIMER_Program.o
                0x00004622                __vector_6
 .text.__vector_5
                0x00004674       0x52 ./MCAL/TIMERS/TIMER_Program.o
                0x00004674                __vector_5
 .text.__vector_4
                0x000046c6       0x52 ./MCAL/TIMERS/TIMER_Program.o
                0x000046c6                __vector_4
 .text.SPI_VoidInit
                0x00004718       0x14 ./MCAL/SPI/SPI_Program.o
                0x00004718                SPI_VoidInit
 .text.SPI_u8InitConfig
                0x0000472c       0xfc ./MCAL/SPI/SPI_Program.o
                0x0000472c                SPI_u8InitConfig
 .text.SPI_u8Tranceive
                0x00004828       0x22 ./MCAL/SPI/SPI_Program.o
                0x00004828                SPI_u8Tranceive
 .text.SPI_u8BufferTranceiverSynch
                0x0000484a       0x50 ./MCAL/SPI/SPI_Program.o
                0x0000484a                SPI_u8BufferTranceiverSynch
 .text.SPI_u8BufferTranceiverAsynch
                0x0000489a       0x64 ./MCAL/SPI/SPI_Program.o
                0x0000489a                SPI_u8BufferTranceiverAsynch
 .text.__vector_12
                0x000048fe       0x88 ./MCAL/SPI/SPI_Program.o
                0x000048fe                __vector_12
 .text.Set_SleepMode
                0x00004986       0x14 ./MCAL/POWERMANAGEMENT/POWERMANAGEMENT_Program.o
                0x00004986                Set_SleepMode
 .text.Change_SleepMode
                0x0000499a       0x7e ./MCAL/POWERMANAGEMENT/POWERMANAGEMENT_Program.o
                0x0000499a                Change_SleepMode
 .text.CPU_SleepEnable
                0x00004a18        0x8 ./MCAL/POWERMANAGEMENT/POWERMANAGEMENT_Program.o
                0x00004a18                CPU_SleepEnable
 .text.CPU_SleepDisable
                0x00004a20        0x8 ./MCAL/POWERMANAGEMENT/POWERMANAGEMENT_Program.o
                0x00004a20                CPU_SleepDisable
 .text.Sleep_CPU
                0x00004a28        0x4 ./MCAL/POWERMANAGEMENT/POWERMANAGEMENT_Program.o
                0x00004a28                Sleep_CPU
 .text.CPU_Sleep
                0x00004a2c       0x18 ./MCAL/POWERMANAGEMENT/POWERMANAGEMENT_Program.o
                0x00004a2c                CPU_Sleep
 .text.GIE_voidEnable
                0x00004a44        0x8 ./MCAL/GIE/GIE_Program.o
                0x00004a44                GIE_voidEnable
 .text.GIE_voidDisable
                0x00004a4c        0x8 ./MCAL/GIE/GIE_Program.o
                0x00004a4c                GIE_voidDisable
 .text.EXTI_voidInit
                0x00004a54       0x32 ./MCAL/EXTI/EXTI_Program.o
                0x00004a54                EXTI_voidInit
 .text.EXTI_u8SetInt0SC
                0x00004a86       0x4a ./MCAL/EXTI/EXTI_Program.o
                0x00004a86                EXTI_u8SetInt0SC
 .text.EXTI_u8SetInt1SC
                0x00004ad0       0x4a ./MCAL/EXTI/EXTI_Program.o
                0x00004ad0                EXTI_u8SetInt1SC
 .text.EXTI_u8SetInt2SC
                0x00004b1a       0x24 ./MCAL/EXTI/EXTI_Program.o
                0x00004b1a                EXTI_u8SetInt2SC
 .text.EXTI_u8INT0SetCallBack
                0x00004b3e       0x14 ./MCAL/EXTI/EXTI_Program.o
                0x00004b3e                EXTI_u8INT0SetCallBack
 .text.EXTI_voidClearInt0Flag
                0x00004b52        0x8 ./MCAL/EXTI/EXTI_Program.o
                0x00004b52                EXTI_voidClearInt0Flag
 .text.EXTI_voidClearInt1Flag
                0x00004b5a        0x8 ./MCAL/EXTI/EXTI_Program.o
                0x00004b5a                EXTI_voidClearInt1Flag
 .text.EXTI_voidClearInt2Flag
                0x00004b62        0x8 ./MCAL/EXTI/EXTI_Program.o
                0x00004b62                EXTI_voidClearInt2Flag
 .text.EXTI_u8INT1SetCallBack
                0x00004b6a       0x14 ./MCAL/EXTI/EXTI_Program.o
                0x00004b6a                EXTI_u8INT1SetCallBack
 .text.EXTI_u8INT2SetCallBack
                0x00004b7e       0x14 ./MCAL/EXTI/EXTI_Program.o
                0x00004b7e                EXTI_u8INT2SetCallBack
 .text.__vector_1
                0x00004b92       0x52 ./MCAL/EXTI/EXTI_Program.o
                0x00004b92                __vector_1
 .text.__vector_2
                0x00004be4       0x52 ./MCAL/EXTI/EXTI_Program.o
                0x00004be4                __vector_2
 .text.__vector_3
                0x00004c36       0x52 ./MCAL/EXTI/EXTI_Program.o
                0x00004c36                __vector_3
 .text.DIO_u8SetPortValue
                0x00004c88       0x28 ./MCAL/DIO/DIO_Program.o
                0x00004c88                DIO_u8SetPortValue
 .text.DIO_u8SetPortDirection
                0x00004cb0       0x28 ./MCAL/DIO/DIO_Program.o
                0x00004cb0                DIO_u8SetPortDirection
 .text.DIO_u8GetPortValue
                0x00004cd8       0x38 ./MCAL/DIO/DIO_Program.o
                0x00004cd8                DIO_u8GetPortValue
 .text.DIO_u8SetPinValue
                0x00004d10       0xf2 ./MCAL/DIO/DIO_Program.o
                0x00004d10                DIO_u8SetPinValue
 .text.DIO_u8SetPinDirection
                0x00004e02       0xf2 ./MCAL/DIO/DIO_Program.o
                0x00004e02                DIO_u8SetPinDirection
 .text.DIO_u8GetPinValue
                0x00004ef4       0x3e ./MCAL/DIO/DIO_Program.o
                0x00004ef4                DIO_u8GetPinValue
 .text.DIO_u8ConnectPullUP
                0x00004f32      0x118 ./MCAL/DIO/DIO_Program.o
                0x00004f32                DIO_u8ConnectPullUP
 .text.DIO_u8TogglePinValue
                0x0000504a       0x74 ./MCAL/DIO/DIO_Program.o
                0x0000504a                DIO_u8TogglePinValue
 .text.LCD_voidSendData
                0x000050be       0x40 ./HAL/LCD/LCD_Program.o
                0x000050be                LCD_voidSendData
 .text.LCD_voidSendNumber
                0x000050fe      0x304 ./HAL/LCD/LCD_Program.o
                0x000050fe                LCD_voidSendNumber
 .text.LCD_voidSendString
                0x00005402       0x26 ./HAL/LCD/LCD_Program.o
                0x00005402                LCD_voidSendString
 .text.LCD_voidSendCommand
                0x00005428       0x40 ./HAL/LCD/LCD_Program.o
                0x00005428                LCD_voidSendCommand
 .text.LCD_voidClearScreen
                0x00005468        0x8 ./HAL/LCD/LCD_Program.o
                0x00005468                LCD_voidClearScreen
 .text.LCD_voidSetPosition
                0x00005470       0x18 ./HAL/LCD/LCD_Program.o
                0x00005470                LCD_voidSetPosition
 .text.LCD_voidSendCustomCharacter
                0x00005488       0x5a ./HAL/LCD/LCD_Program.o
                0x00005488                LCD_voidSendCustomCharacter
 .text.LCD_voidInit
                0x000054e2       0x4c ./HAL/LCD/LCD_Program.o
                0x000054e2                LCD_voidInit
 .text.xCoRoutineRemoveFromEventList
                0x0000552e       0x4e ./FreeRTOS/croutine.o
                0x0000552e                xCoRoutineRemoveFromEventList
 .text.vCoRoutineSchedule
                0x0000557c      0x1c0 ./FreeRTOS/croutine.o
                0x0000557c                vCoRoutineSchedule
 .text.vCoRoutineAddToDelayedList
                0x0000573c       0x7a ./FreeRTOS/croutine.o
                0x0000573c                vCoRoutineAddToDelayedList
 .text.xCoRoutineCreate
                0x000057b6       0xf4 ./FreeRTOS/croutine.o
                0x000057b6                xCoRoutineCreate
 .text.vPortFree
                0x000058aa        0x2 ./FreeRTOS/heap_1.o
                0x000058aa                vPortFree
 .text.vPortInitialiseBlocks
                0x000058ac        0xa ./FreeRTOS/heap_1.o
                0x000058ac                vPortInitialiseBlocks
 .text.xPortGetFreeHeapSize
                0x000058b6       0x14 ./FreeRTOS/heap_1.o
                0x000058b6                xPortGetFreeHeapSize
 .text.pvPortMalloc
                0x000058ca       0x4e ./FreeRTOS/heap_1.o
                0x000058ca                pvPortMalloc
 .text.vListInitialise
                0x00005918       0x20 ./FreeRTOS/list.o
                0x00005918                vListInitialise
 .text.vListInitialiseItem
                0x00005938        0x8 ./FreeRTOS/list.o
                0x00005938                vListInitialiseItem
 .text.vListInsertEnd
                0x00005940       0x52 ./FreeRTOS/list.o
                0x00005940                vListInsertEnd
 .text.vListInsert
                0x00005992       0x6a ./FreeRTOS/list.o
                0x00005992                vListInsert
 .text.vListRemove
                0x000059fc       0x50 ./FreeRTOS/list.o
                0x000059fc                vListRemove
 .text.pxPortInitialiseStack
                0x00005a4c       0x90 ./FreeRTOS/port.o
                0x00005a4c                pxPortInitialiseStack
 .text.xPortStartScheduler
                0x00005adc       0x6a ./FreeRTOS/port.o
                0x00005adc                xPortStartScheduler
 .text.vPortEndScheduler
                0x00005b46        0x2 ./FreeRTOS/port.o
                0x00005b46                vPortEndScheduler
 .text.vPortYieldFromTick
                0x00005b48       0xb6 ./FreeRTOS/port.o
                0x00005b48                vPortYieldFromTick
 .text.__vector_7
                0x00005bfe        0x6 ./FreeRTOS/port.o
                0x00005bfe                __vector_7
 .text.vPortYield
                0x00005c04       0xb2 ./FreeRTOS/port.o
                0x00005c04                vPortYield
 .text.uxQueueMessagesWaiting
                0x00005cb6       0x10 ./FreeRTOS/queue.o
                0x00005cb6                uxQueueMessagesWaiting
 .text.uxQueueMessagesWaitingFromISR
                0x00005cc6        0x6 ./FreeRTOS/queue.o
                0x00005cc6                uxQueueMessagesWaitingFromISR
 .text.xQueueIsQueueEmptyFromISR
                0x00005ccc       0x10 ./FreeRTOS/queue.o
                0x00005ccc                xQueueIsQueueEmptyFromISR
 .text.xQueueIsQueueFullFromISR
                0x00005cdc       0x12 ./FreeRTOS/queue.o
                0x00005cdc                xQueueIsQueueFullFromISR
 .text.vQueueDelete
                0x00005cee       0x1c ./FreeRTOS/queue.o
                0x00005cee                vQueueDelete
 .text.xQueueReceiveFromISR
                0x00005d0a       0x7e ./FreeRTOS/queue.o
                0x00005d0a                xQueueReceiveFromISR
 .text.prvCopyDataToQueue
                0x00005d88       0x82 ./FreeRTOS/queue.o
 .text.xQueueGenericSendFromISR
                0x00005e0a       0x50 ./FreeRTOS/queue.o
                0x00005e0a                xQueueGenericSendFromISR
 .text.prvUnlockQueue
                0x00005e5a       0x80 ./FreeRTOS/queue.o
 .text.xQueueGenericReceive
                0x00005eda      0x198 ./FreeRTOS/queue.o
                0x00005eda                xQueueGenericReceive
 .text.xQueueGenericSend
                0x00006072      0x148 ./FreeRTOS/queue.o
                0x00006072                xQueueGenericSend
 .text.xQueueCreate
                0x000061ba       0xbe ./FreeRTOS/queue.o
                0x000061ba                xQueueCreate
 .text.xQueueCreateCountingSemaphore
                0x00006278       0x18 ./FreeRTOS/queue.o
                0x00006278                xQueueCreateCountingSemaphore
 .text.xTaskIsTaskSuspended
                0x00006290       0x28 ./FreeRTOS/tasks.o
                0x00006290                xTaskIsTaskSuspended
 .text.vTaskSuspendAll
                0x000062b8        0xc ./FreeRTOS/tasks.o
                0x000062b8                vTaskSuspendAll
 .text.xTaskGetTickCount
                0x000062c4       0x16 ./FreeRTOS/tasks.o
                0x000062c4                xTaskGetTickCount
 .text.xTaskGetTickCountFromISR
                0x000062da        0xc ./FreeRTOS/tasks.o
                0x000062da                xTaskGetTickCountFromISR
 .text.uxTaskGetNumberOfTasks
                0x000062e6        0x6 ./FreeRTOS/tasks.o
                0x000062e6                uxTaskGetNumberOfTasks
 .text.vTaskSwitchContext
                0x000062ec       0x84 ./FreeRTOS/tasks.o
                0x000062ec                vTaskSwitchContext
 .text.vTaskSetTimeOutState
                0x00006370       0x16 ./FreeRTOS/tasks.o
                0x00006370                vTaskSetTimeOutState
 .text.xTaskCheckForTimeOut
                0x00006386       0x7c ./FreeRTOS/tasks.o
                0x00006386                xTaskCheckForTimeOut
 .text.vTaskMissedYield
                0x00006402        0x8 ./FreeRTOS/tasks.o
                0x00006402                vTaskMissedYield
 .text.xTaskRemoveFromEventList
                0x0000640a       0x7e ./FreeRTOS/tasks.o
                0x0000640a                xTaskRemoveFromEventList
 .text.vTaskIncrementTick
                0x00006488      0x148 ./FreeRTOS/tasks.o
                0x00006488                vTaskIncrementTick
 .text.xTaskResumeFromISR
                0x000065d0       0x9c ./FreeRTOS/tasks.o
                0x000065d0                xTaskResumeFromISR
 .text.prvAddCurrentTaskToDelayedList
                0x0000666c       0x6e ./FreeRTOS/tasks.o
 .text.vTaskPlaceOnEventList
                0x000066da       0x58 ./FreeRTOS/tasks.o
                0x000066da                vTaskPlaceOnEventList
 .text.xTaskResumeAll
                0x00006732       0xf6 ./FreeRTOS/tasks.o
                0x00006732                xTaskResumeAll
 .text.vTaskResume
                0x00006828       0x92 ./FreeRTOS/tasks.o
                0x00006828                vTaskResume
 .text.vTaskSuspend
                0x000068ba       0xa2 ./FreeRTOS/tasks.o
                0x000068ba                vTaskSuspend
 .text.vTaskDelay
                0x0000695c       0x4e ./FreeRTOS/tasks.o
                0x0000695c                vTaskDelay
 .text.vTaskDelayUntil
                0x000069aa       0x78 ./FreeRTOS/tasks.o
                0x000069aa                vTaskDelayUntil
 .text.vTaskDelete
                0x00006a22       0x9a ./FreeRTOS/tasks.o
                0x00006a22                vTaskDelete
 .text.vTaskEndScheduler
                0x00006abc        0xc ./FreeRTOS/tasks.o
                0x00006abc                vTaskEndScheduler
 .text.prvIdleTask
                0x00006ac8       0x66 ./FreeRTOS/tasks.o
 .text.xTaskGenericCreate
                0x00006b2e      0x252 ./FreeRTOS/tasks.o
                0x00006b2e                xTaskGenericCreate
 .text.vTaskStartScheduler
                0x00006d80       0x56 ./FreeRTOS/tasks.o
                0x00006d80                vTaskStartScheduler
 .text.main     0x00006dd6      0x1c0 ./main.o
                0x00006dd6                main
 .text.libgcc   0x00006f96        0x0 c:/src/winavr/bin/../lib/gcc/avr/4.3.3/avr5\libgcc.a(_exit.o)
 .text.libgcc   0x00006f96        0x0 c:/src/winavr/bin/../lib/gcc/avr/4.3.3/avr5\libgcc.a(_copy_data.o)
 .text.libgcc   0x00006f96        0x0 c:/src/winavr/bin/../lib/gcc/avr/4.3.3/avr5\libgcc.a(_clear_bss.o)
 .text.libgcc   0x00006f96       0x3e c:/src/winavr/bin/../lib/gcc/avr/4.3.3/avr5\libgcc.a(_mulsi3.o)
                0x00006f96                __mulsi3
 .text.libgcc   0x00006fd4       0x44 c:/src/winavr/bin/../lib/gcc/avr/4.3.3/avr5\libgcc.a(_udivmodsi4.o)
                0x00006fd4                __udivmodsi4
 .text.libgcc   0x00007018       0x38 c:/src/winavr/bin/../lib/gcc/avr/4.3.3/avr5\libgcc.a(_prologue.o)
                0x00007018                __prologue_saves__
 .text.libgcc   0x00007050       0x36 c:/src/winavr/bin/../lib/gcc/avr/4.3.3/avr5\libgcc.a(_epilogue.o)
                0x00007050                __epilogue_restores__
 .text.avr-libc
                0x00007086       0x12 c:/src/winavr/bin/../lib/gcc/avr/4.3.3/../../../../avr/lib/avr5\libc.a(memcpy.o)
                0x00007086                memcpy
 .text.avr-libc
                0x00007098        0xe c:/src/winavr/bin/../lib/gcc/avr/4.3.3/../../../../avr/lib/avr5\libc.a(memset.o)
                0x00007098                memset
 .text.avr-libc
                0x000070a6       0x1e c:/src/winavr/bin/../lib/gcc/avr/4.3.3/../../../../avr/lib/avr5\libc.a(strncpy.o)
                0x000070a6                strncpy
                0x000070c4                . = ALIGN (0x2)
 *(.fini9)
 .fini9         0x000070c4        0x0 c:/src/winavr/bin/../lib/gcc/avr/4.3.3/avr5\libgcc.a(_exit.o)
                0x000070c4                exit
                0x000070c4                _exit
 *(.fini9)
 *(.fini8)
 *(.fini8)
 *(.fini7)
 *(.fini7)
 *(.fini6)
 *(.fini6)
 *(.fini5)
 *(.fini5)
 *(.fini4)
 *(.fini4)
 *(.fini3)
 *(.fini3)
 *(.fini2)
 *(.fini2)
 *(.fini1)
 *(.fini1)
 *(.fini0)
 .fini0         0x000070c4        0x4 c:/src/winavr/bin/../lib/gcc/avr/4.3.3/avr5\libgcc.a(_exit.o)
 *(.fini0)
                0x000070c8                _etext = .

.data           0x00800060      0x17a load address 0x000070c8
                0x00800060                PROVIDE (__data_start, .)
 *(.data)
 .data          0x00800060        0x0 c:/src/winavr/bin/../lib/gcc/avr/4.3.3/../../../../avr/lib/avr5/crtm32.o
 .data          0x00800060       0x6f ./SystemControl/SystemControl_Program.o
 .data          0x008000cf        0x0 ./MCAL/USART/USART_Program.o
 .data          0x008000cf        0x0 ./MCAL/TIMERS/TIMER_Program.o
 .data          0x008000cf        0x0 ./MCAL/SPI/SPI_Program.o
 .data          0x008000cf        0x0 ./MCAL/POWERMANAGEMENT/POWERMANAGEMENT_Program.o
 .data          0x008000cf        0x0 ./MCAL/GIE/GIE_Program.o
 .data          0x008000cf        0x0 ./MCAL/EXTI/EXTI_Program.o
 .data          0x008000cf        0x0 ./MCAL/DIO/DIO_Program.o
 .data          0x008000cf        0x0 ./HAL/LCD/LCD_Program.o
 .data          0x008000cf        0x0 ./FreeRTOS/croutine.o
 .data          0x008000cf        0x0 ./FreeRTOS/heap_1.o
 .data          0x008000cf        0x0 ./FreeRTOS/list.o
 .data          0x008000cf        0x0 ./FreeRTOS/port.o
 .data          0x008000cf        0x0 ./FreeRTOS/queue.o
 .data          0x008000cf        0x5 ./FreeRTOS/tasks.o
 .data          0x008000d4        0x0 ./FreeRTOS/timers.o
 .data          0x008000d4        0x0 ./main.o
 .data          0x008000d4        0x0 c:/src/winavr/bin/../lib/gcc/avr/4.3.3/avr5\libgcc.a(_exit.o)
 .data          0x008000d4        0x0 c:/src/winavr/bin/../lib/gcc/avr/4.3.3/avr5\libgcc.a(_copy_data.o)
 .data          0x008000d4        0x0 c:/src/winavr/bin/../lib/gcc/avr/4.3.3/avr5\libgcc.a(_clear_bss.o)
 .data          0x008000d4        0x0 c:/src/winavr/bin/../lib/gcc/avr/4.3.3/avr5\libgcc.a(_ashldi3.o)
 .data          0x008000d4        0x0 c:/src/winavr/bin/../lib/gcc/avr/4.3.3/avr5\libgcc.a(_divdi3.o)
 .data          0x008000d4        0x0 c:/src/winavr/bin/../lib/gcc/avr/4.3.3/avr5\libgcc.a(_moddi3.o)
 .data          0x008000d4        0x0 c:/src/winavr/bin/../lib/gcc/avr/4.3.3/avr5\libgcc.a(_udivdi3.o)
 .data          0x008000d4        0x0 c:/src/winavr/bin/../lib/gcc/avr/4.3.3/avr5\libgcc.a(_umoddi3.o)
 .data          0x008000d4        0x0 c:/src/winavr/bin/../lib/gcc/avr/4.3.3/avr5\libgcc.a(_mulsi3.o)
 .data          0x008000d4        0x0 c:/src/winavr/bin/../lib/gcc/avr/4.3.3/avr5\libgcc.a(_udivmodsi4.o)
 .data          0x008000d4        0x0 c:/src/winavr/bin/../lib/gcc/avr/4.3.3/avr5\libgcc.a(_prologue.o)
 .data          0x008000d4        0x0 c:/src/winavr/bin/../lib/gcc/avr/4.3.3/avr5\libgcc.a(_epilogue.o)
 .data          0x008000d4      0x100 c:/src/winavr/bin/../lib/gcc/avr/4.3.3/avr5\libgcc.a(_clz.o)
                0x008000d4                __clz_tab
 .data          0x008001d4        0x0 c:/src/winavr/bin/../lib/gcc/avr/4.3.3/../../../../avr/lib/avr5\libc.a(memcpy.o)
 .data          0x008001d4        0x0 c:/src/winavr/bin/../lib/gcc/avr/4.3.3/../../../../avr/lib/avr5\libc.a(memset.o)
 .data          0x008001d4        0x0 c:/src/winavr/bin/../lib/gcc/avr/4.3.3/../../../../avr/lib/avr5\libc.a(strncpy.o)
 *(.data*)
 .data.Global_u8DummySent
                0x008001d4        0x1 ./SystemControl/SystemControl_Program.o
                0x008001d4                Global_u8DummySent
 .data.Global_u8RepEnter1
                0x008001d5        0x1 ./SystemControl/SystemControl_Program.o
                0x008001d5                Global_u8RepEnter1
 .data.Global_u8RepEnter2
                0x008001d6        0x1 ./SystemControl/SystemControl_Program.o
                0x008001d6                Global_u8RepEnter2
 .data.xNextTaskUnblockTime
                0x008001d7        0x2 ./FreeRTOS/tasks.o
 *(.rodata)
 *(.rodata*)
 *(.gnu.linkonce.d*)
                0x008001da                . = ALIGN (0x2)
 *fill*         0x008001d9        0x1 00
                0x008001da                _edata = .
                0x008001da                PROVIDE (__data_end, .)

.bss            0x008001da      0x5f1
                0x008001da                PROVIDE (__bss_start, .)
 *(.bss)
 .bss           0x008001da        0x0 c:/src/winavr/bin/../lib/gcc/avr/4.3.3/../../../../avr/lib/avr5/crtm32.o
 .bss           0x008001da        0x0 ./SystemControl/SystemControl_Program.o
 .bss           0x008001da        0x0 ./MCAL/USART/USART_Program.o
 .bss           0x008001da        0x0 ./MCAL/TIMERS/TIMER_Program.o
 .bss           0x008001da        0x0 ./MCAL/SPI/SPI_Program.o
 .bss           0x008001da        0x0 ./MCAL/POWERMANAGEMENT/POWERMANAGEMENT_Program.o
 .bss           0x008001da        0x0 ./MCAL/GIE/GIE_Program.o
 .bss           0x008001da        0x0 ./MCAL/EXTI/EXTI_Program.o
 .bss           0x008001da        0x0 ./MCAL/DIO/DIO_Program.o
 .bss           0x008001da        0x0 ./HAL/LCD/LCD_Program.o
 .bss           0x008001da        0x0 ./FreeRTOS/croutine.o
 .bss           0x008001da        0x0 ./FreeRTOS/heap_1.o
 .bss           0x008001da        0x0 ./FreeRTOS/list.o
 .bss           0x008001da        0x0 ./FreeRTOS/port.o
 .bss           0x008001da        0x0 ./FreeRTOS/queue.o
 .bss           0x008001da        0x0 ./FreeRTOS/tasks.o
 .bss           0x008001da        0x0 ./FreeRTOS/timers.o
 .bss           0x008001da        0x0 ./main.o
 .bss           0x008001da        0x0 c:/src/winavr/bin/../lib/gcc/avr/4.3.3/avr5\libgcc.a(_exit.o)
 .bss           0x008001da        0x0 c:/src/winavr/bin/../lib/gcc/avr/4.3.3/avr5\libgcc.a(_copy_data.o)
 .bss           0x008001da        0x0 c:/src/winavr/bin/../lib/gcc/avr/4.3.3/avr5\libgcc.a(_clear_bss.o)
 .bss           0x008001da        0x0 c:/src/winavr/bin/../lib/gcc/avr/4.3.3/avr5\libgcc.a(_ashldi3.o)
 .bss           0x008001da        0x0 c:/src/winavr/bin/../lib/gcc/avr/4.3.3/avr5\libgcc.a(_divdi3.o)
 .bss           0x008001da        0x0 c:/src/winavr/bin/../lib/gcc/avr/4.3.3/avr5\libgcc.a(_moddi3.o)
 .bss           0x008001da        0x0 c:/src/winavr/bin/../lib/gcc/avr/4.3.3/avr5\libgcc.a(_udivdi3.o)
 .bss           0x008001da        0x0 c:/src/winavr/bin/../lib/gcc/avr/4.3.3/avr5\libgcc.a(_umoddi3.o)
 .bss           0x008001da        0x0 c:/src/winavr/bin/../lib/gcc/avr/4.3.3/avr5\libgcc.a(_mulsi3.o)
 .bss           0x008001da        0x0 c:/src/winavr/bin/../lib/gcc/avr/4.3.3/avr5\libgcc.a(_udivmodsi4.o)
 .bss           0x008001da        0x0 c:/src/winavr/bin/../lib/gcc/avr/4.3.3/avr5\libgcc.a(_prologue.o)
 .bss           0x008001da        0x0 c:/src/winavr/bin/../lib/gcc/avr/4.3.3/avr5\libgcc.a(_epilogue.o)
 .bss           0x008001da        0x0 c:/src/winavr/bin/../lib/gcc/avr/4.3.3/avr5\libgcc.a(_clz.o)
 .bss           0x008001da        0x0 c:/src/winavr/bin/../lib/gcc/avr/4.3.3/../../../../avr/lib/avr5\libc.a(memcpy.o)
 .bss           0x008001da        0x0 c:/src/winavr/bin/../lib/gcc/avr/4.3.3/../../../../avr/lib/avr5\libc.a(memset.o)
 .bss           0x008001da        0x0 c:/src/winavr/bin/../lib/gcc/avr/4.3.3/../../../../avr/lib/avr5\libc.a(strncpy.o)
 *(.bss*)
 .bss.Global_u8DummyReceived
                0x008001da        0x1 ./SystemControl/SystemControl_Program.o
                0x008001da                Global_u8DummyReceived
 .bss.Global_u8Operation_Flag
                0x008001db        0x1 ./SystemControl/SystemControl_Program.o
                0x008001db                Global_u8Operation_Flag
 .bss.Global_u8CommunicationFlag
                0x008001dc        0x1 ./SystemControl/SystemControl_Program.o
                0x008001dc                Global_u8CommunicationFlag
 .bss.pxHigherPriorityTaskWoken
                0x008001dd        0x1 ./SystemControl/SystemControl_Program.o
                0x008001dd                pxHigherPriorityTaskWoken
 .bss.pxHigherPriorityTaskWoken2
                0x008001de        0x1 ./SystemControl/SystemControl_Program.o
                0x008001de                pxHigherPriorityTaskWoken2
 .bss.Local_u8Temp2Received.1745
                0x008001df        0x1 ./SystemControl/SystemControl_Program.o
 .bss.Local_u8Temp1Received.1744
                0x008001e0        0x1 ./SystemControl/SystemControl_Program.o
 .bss.Local_u8Received.1743
                0x008001e1        0x1 ./SystemControl/SystemControl_Program.o
 .bss.Local_u8TempValue2.1725
                0x008001e2        0x1 ./SystemControl/SystemControl_Program.o
 .bss.Local_u8TempValue1.1712
                0x008001e3        0x1 ./SystemControl/SystemControl_Program.o
 .bss.USART_pu8SendData
                0x008001e4        0x2 ./MCAL/USART/USART_Program.o
 .bss.USART_u8State
                0x008001e6        0x1 ./MCAL/USART/USART_Program.o
 .bss.USART_pvNotificationFunc
                0x008001e7        0x2 ./MCAL/USART/USART_Program.o
 .bss.USART_pu8ReceiveData
                0x008001e9        0x2 ./MCAL/USART/USART_Program.o
 .bss.USART_u8BufferSize
                0x008001eb        0x1 ./MCAL/USART/USART_Program.o
 .bss.USART_u8Index
                0x008001ec        0x1 ./MCAL/USART/USART_Program.o
 .bss.TIMERS_ptfCallBackFuncArr
                0x008001ed       0x10 ./MCAL/TIMERS/TIMER_Program.o
 .bss.SPI_pu8RData
                0x008001fd        0x2 ./MCAL/SPI/SPI_Program.o
 .bss.SPI_u8State
                0x008001ff        0x1 ./MCAL/SPI/SPI_Program.o
 .bss.SPI_pvNotificationFunc
                0x00800200        0x2 ./MCAL/SPI/SPI_Program.o
 .bss.SPI_pu8TData
                0x00800202        0x2 ./MCAL/SPI/SPI_Program.o
 .bss.SPI_u8BufferSize
                0x00800204        0x1 ./MCAL/SPI/SPI_Program.o
 .bss.SPI_u8Index
                0x00800205        0x1 ./MCAL/SPI/SPI_Program.o
 .bss.GLOBAL_ptrToFuncEXTI2
                0x00800206        0x2 ./MCAL/EXTI/EXTI_Program.o
 .bss.GLOBAL_ptrToFuncEXTI1
                0x00800208        0x2 ./MCAL/EXTI/EXTI_Program.o
 .bss.GLOBAL_ptrToFuncEXTI0
                0x0080020a        0x2 ./MCAL/EXTI/EXTI_Program.o
 .bss.pxCurrentCoRoutine
                0x0080020c        0x2 ./FreeRTOS/croutine.o
                0x0080020c                pxCurrentCoRoutine
 .bss.uxTopCoRoutineReadyPriority
                0x0080020e        0x1 ./FreeRTOS/croutine.o
 .bss.xLastTickCount
                0x0080020f        0x2 ./FreeRTOS/croutine.o
 .bss.xPassedTicks
                0x00800211        0x2 ./FreeRTOS/croutine.o
 .bss.xCoRoutineTickCount
                0x00800213        0x2 ./FreeRTOS/croutine.o
 .bss.pxReadyCoRoutineLists
                0x00800215       0x12 ./FreeRTOS/croutine.o
 .bss.xDelayedCoRoutineList1
                0x00800227        0x9 ./FreeRTOS/croutine.o
 .bss.xDelayedCoRoutineList2
                0x00800230        0x9 ./FreeRTOS/croutine.o
 .bss.pxDelayedCoRoutineList
                0x00800239        0x2 ./FreeRTOS/croutine.o
 .bss.pxOverflowDelayedCoRoutineList
                0x0080023b        0x2 ./FreeRTOS/croutine.o
 .bss.xPendingReadyCoRoutineList
                0x0080023d        0x9 ./FreeRTOS/croutine.o
 .bss.xNextFreeByte
                0x00800246        0x2 ./FreeRTOS/heap_1.o
 .bss.xHeap     0x00800248      0x514 ./FreeRTOS/heap_1.o
 .bss.pxCurrentTCB
                0x0080075c        0x2 ./FreeRTOS/tasks.o
                0x0080075c                pxCurrentTCB
 .bss.xMissedYield
                0x0080075e        0x1 ./FreeRTOS/tasks.o
 .bss.xNumOfOverflows
                0x0080075f        0x1 ./FreeRTOS/tasks.o
 .bss.xTickCount
                0x00800760        0x2 ./FreeRTOS/tasks.o
 .bss.uxSchedulerSuspended
                0x00800762        0x1 ./FreeRTOS/tasks.o
 .bss.uxTopReadyPriority
                0x00800763        0x1 ./FreeRTOS/tasks.o
 .bss.uxMissedTicks
                0x00800764        0x1 ./FreeRTOS/tasks.o
 .bss.uxCurrentNumberOfTasks
                0x00800765        0x1 ./FreeRTOS/tasks.o
 .bss.xSchedulerRunning
                0x00800766        0x1 ./FreeRTOS/tasks.o
 .bss.uxTasksDeleted
                0x00800767        0x1 ./FreeRTOS/tasks.o
 .bss.uxTaskNumber
                0x00800768        0x1 ./FreeRTOS/tasks.o
 .bss.uxTopUsedPriority
                0x00800769        0x1 ./FreeRTOS/tasks.o
 .bss.pxReadyTasksLists
                0x0080076a       0x24 ./FreeRTOS/tasks.o
 .bss.xDelayedTaskList1
                0x0080078e        0x9 ./FreeRTOS/tasks.o
 .bss.xDelayedTaskList2
                0x00800797        0x9 ./FreeRTOS/tasks.o
 .bss.pxDelayedTaskList
                0x008007a0        0x2 ./FreeRTOS/tasks.o
 .bss.pxOverflowDelayedTaskList
                0x008007a2        0x2 ./FreeRTOS/tasks.o
 .bss.xPendingReadyList
                0x008007a4        0x9 ./FreeRTOS/tasks.o
 .bss.xTasksWaitingTermination
                0x008007ad        0x9 ./FreeRTOS/tasks.o
 .bss.xSuspendedTaskList
                0x008007b6        0x9 ./FreeRTOS/tasks.o
 .bss.xUART_Handle
                0x008007bf        0x2 ./main.o
                0x008007bf                xUART_Handle
 .bss.Temp_Queue
                0x008007c1        0x2 ./main.o
                0x008007c1                Temp_Queue
 *(COMMON)
 COMMON         0x008007c3        0x8 ./main.o
                0x008007c3                Fan_Semaphore
                0x008007c5                BTN2_Semaphore
                0x008007c7                LCD_xMutex
                0x008007c9                BTN1_Semaphore
                0x008007cb                PROVIDE (__bss_end, .)
                0x000070c8                __data_load_start = LOADADDR (.data)
                0x00007242                __data_load_end = (__data_load_start + SIZEOF (.data))

.noinit         0x008007cb        0x0
                0x008007cb                PROVIDE (__noinit_start, .)
 *(.noinit*)
                0x008007cb                PROVIDE (__noinit_end, .)
                0x008007cb                _end = .
                0x008007cb                PROVIDE (__heap_start, .)

.eeprom         0x00810000        0x0
 *(.eeprom*)
                0x00810000                __eeprom_end = .

.fuse
 *(.fuse)
 *(.lfuse)
 *(.hfuse)
 *(.efuse)

.lock
 *(.lock*)

.signature
 *(.signature*)

.stab           0x00000000     0x7e6c
 *(.stab)
 .stab          0x00000000      0xce4 ./SystemControl/SystemControl_Program.o
 .stab          0x00000ce4      0x798 ./MCAL/USART/USART_Program.o
                                0x7a4 (size before relaxing)
 .stab          0x0000147c      0xaf8 ./MCAL/TIMERS/TIMER_Program.o
                                0xb04 (size before relaxing)
 .stab          0x00001f74      0x714 ./MCAL/SPI/SPI_Program.o
                                0x720 (size before relaxing)
 .stab          0x00002688      0x3d8 ./MCAL/POWERMANAGEMENT/POWERMANAGEMENT_Program.o
                                0x3e4 (size before relaxing)
 .stab          0x00002a60      0x210 ./MCAL/GIE/GIE_Program.o
                                0x21c (size before relaxing)
 .stab          0x00002c70      0x6cc ./MCAL/EXTI/EXTI_Program.o
                                0x6d8 (size before relaxing)
 .stab          0x0000333c      0x894 ./MCAL/DIO/DIO_Program.o
                                0x8a0 (size before relaxing)
 .stab          0x00003bd0      0x66c ./HAL/LCD/LCD_Program.o
                                0x804 (size before relaxing)
 .stab          0x0000423c      0x7bc ./FreeRTOS/croutine.o
                                0x99c (size before relaxing)
 .stab          0x000049f8      0x33c ./FreeRTOS/heap_1.o
                                0x60c (size before relaxing)
 .stab          0x00004d34      0x474 ./FreeRTOS/list.o
                                0x750 (size before relaxing)
 .stab          0x000051a8      0x558 ./FreeRTOS/port.o
                                0x888 (size before relaxing)
 .stab          0x00005700      0xce4 ./FreeRTOS/queue.o
                               0x1020 (size before relaxing)
 .stab          0x000063e4     0x1458 ./FreeRTOS/tasks.o
                               0x16b0 (size before relaxing)
 .stab          0x0000783c      0x1c8 ./FreeRTOS/timers.o
                                0x4c8 (size before relaxing)
 .stab          0x00007a04      0x468 ./main.o
                                0x7a4 (size before relaxing)

.stabstr        0x00000000     0x4864
 *(.stabstr)
 .stabstr       0x00000000     0x4864 ./SystemControl/SystemControl_Program.o

.stab.excl
 *(.stab.excl)

.stab.exclstr
 *(.stab.exclstr)

.stab.index
 *(.stab.index)

.stab.indexstr
 *(.stab.indexstr)

.comment
 *(.comment)

.debug
 *(.debug)

.line
 *(.line)

.debug_srcinfo
 *(.debug_srcinfo)

.debug_sfnames
 *(.debug_sfnames)

.debug_aranges  0x00000000       0xa0
 *(.debug_aranges)
 .debug_aranges
                0x00000000       0x20 c:/src/winavr/bin/../lib/gcc/avr/4.3.3/avr5\libgcc.a(_ashldi3.o)
 .debug_aranges
                0x00000020       0x20 c:/src/winavr/bin/../lib/gcc/avr/4.3.3/avr5\libgcc.a(_divdi3.o)
 .debug_aranges
                0x00000040       0x20 c:/src/winavr/bin/../lib/gcc/avr/4.3.3/avr5\libgcc.a(_moddi3.o)
 .debug_aranges
                0x00000060       0x20 c:/src/winavr/bin/../lib/gcc/avr/4.3.3/avr5\libgcc.a(_udivdi3.o)
 .debug_aranges
                0x00000080       0x20 c:/src/winavr/bin/../lib/gcc/avr/4.3.3/avr5\libgcc.a(_umoddi3.o)

.debug_pubnames
                0x00000000       0xbe
 *(.debug_pubnames)
 .debug_pubnames
                0x00000000       0x20 c:/src/winavr/bin/../lib/gcc/avr/4.3.3/avr5\libgcc.a(_ashldi3.o)
 .debug_pubnames
                0x00000020       0x1f c:/src/winavr/bin/../lib/gcc/avr/4.3.3/avr5\libgcc.a(_divdi3.o)
 .debug_pubnames
                0x0000003f       0x1f c:/src/winavr/bin/../lib/gcc/avr/4.3.3/avr5\libgcc.a(_moddi3.o)
 .debug_pubnames
                0x0000005e       0x20 c:/src/winavr/bin/../lib/gcc/avr/4.3.3/avr5\libgcc.a(_udivdi3.o)
 .debug_pubnames
                0x0000007e       0x20 c:/src/winavr/bin/../lib/gcc/avr/4.3.3/avr5\libgcc.a(_umoddi3.o)
 .debug_pubnames
                0x0000009e       0x20 c:/src/winavr/bin/../lib/gcc/avr/4.3.3/avr5\libgcc.a(_clz.o)

.debug_info     0x00000000     0x1f74
 *(.debug_info)
 .debug_info    0x00000000      0x17f c:/src/winavr/bin/../lib/gcc/avr/4.3.3/avr5\libgcc.a(_ashldi3.o)
 .debug_info    0x0000017f      0x756 c:/src/winavr/bin/../lib/gcc/avr/4.3.3/avr5\libgcc.a(_divdi3.o)
 .debug_info    0x000008d5      0x781 c:/src/winavr/bin/../lib/gcc/avr/4.3.3/avr5\libgcc.a(_moddi3.o)
 .debug_info    0x00001056      0x71e c:/src/winavr/bin/../lib/gcc/avr/4.3.3/avr5\libgcc.a(_udivdi3.o)
 .debug_info    0x00001774      0x757 c:/src/winavr/bin/../lib/gcc/avr/4.3.3/avr5\libgcc.a(_umoddi3.o)
 .debug_info    0x00001ecb       0xa9 c:/src/winavr/bin/../lib/gcc/avr/4.3.3/avr5\libgcc.a(_clz.o)
 *(.gnu.linkonce.wi.*)

.debug_abbrev   0x00000000      0x7a7
 *(.debug_abbrev)
 .debug_abbrev  0x00000000       0xee c:/src/winavr/bin/../lib/gcc/avr/4.3.3/avr5\libgcc.a(_ashldi3.o)
 .debug_abbrev  0x000000ee      0x19f c:/src/winavr/bin/../lib/gcc/avr/4.3.3/avr5\libgcc.a(_divdi3.o)
 .debug_abbrev  0x0000028d      0x19f c:/src/winavr/bin/../lib/gcc/avr/4.3.3/avr5\libgcc.a(_moddi3.o)
 .debug_abbrev  0x0000042c      0x181 c:/src/winavr/bin/../lib/gcc/avr/4.3.3/avr5\libgcc.a(_udivdi3.o)
 .debug_abbrev  0x000005ad      0x190 c:/src/winavr/bin/../lib/gcc/avr/4.3.3/avr5\libgcc.a(_umoddi3.o)
 .debug_abbrev  0x0000073d       0x6a c:/src/winavr/bin/../lib/gcc/avr/4.3.3/avr5\libgcc.a(_clz.o)

.debug_line     0x00000000      0xa03
 *(.debug_line)
 .debug_line    0x00000000       0xd7 c:/src/winavr/bin/../lib/gcc/avr/4.3.3/avr5\libgcc.a(_ashldi3.o)
 .debug_line    0x000000d7      0x228 c:/src/winavr/bin/../lib/gcc/avr/4.3.3/avr5\libgcc.a(_divdi3.o)
 .debug_line    0x000002ff      0x280 c:/src/winavr/bin/../lib/gcc/avr/4.3.3/avr5\libgcc.a(_moddi3.o)
 .debug_line    0x0000057f      0x1d8 c:/src/winavr/bin/../lib/gcc/avr/4.3.3/avr5\libgcc.a(_udivdi3.o)
 .debug_line    0x00000757      0x230 c:/src/winavr/bin/../lib/gcc/avr/4.3.3/avr5\libgcc.a(_umoddi3.o)
 .debug_line    0x00000987       0x7c c:/src/winavr/bin/../lib/gcc/avr/4.3.3/avr5\libgcc.a(_clz.o)

.debug_frame    0x00000000       0xa0
 *(.debug_frame)
 .debug_frame   0x00000000       0x20 c:/src/winavr/bin/../lib/gcc/avr/4.3.3/avr5\libgcc.a(_ashldi3.o)
 .debug_frame   0x00000020       0x20 c:/src/winavr/bin/../lib/gcc/avr/4.3.3/avr5\libgcc.a(_divdi3.o)
 .debug_frame   0x00000040       0x20 c:/src/winavr/bin/../lib/gcc/avr/4.3.3/avr5\libgcc.a(_moddi3.o)
 .debug_frame   0x00000060       0x20 c:/src/winavr/bin/../lib/gcc/avr/4.3.3/avr5\libgcc.a(_udivdi3.o)
 .debug_frame   0x00000080       0x20 c:/src/winavr/bin/../lib/gcc/avr/4.3.3/avr5\libgcc.a(_umoddi3.o)

.debug_str      0x00000000      0x17c
 *(.debug_str)
 .debug_str     0x00000000       0xe4 c:/src/winavr/bin/../lib/gcc/avr/4.3.3/avr5\libgcc.a(_ashldi3.o)
                                0x131 (size before relaxing)
 .debug_str     0x000000e4       0x7b c:/src/winavr/bin/../lib/gcc/avr/4.3.3/avr5\libgcc.a(_divdi3.o)
                                0x189 (size before relaxing)
 .debug_str     0x0000015f        0x9 c:/src/winavr/bin/../lib/gcc/avr/4.3.3/avr5\libgcc.a(_moddi3.o)
                                0x189 (size before relaxing)
 .debug_str     0x00000168        0xa c:/src/winavr/bin/../lib/gcc/avr/4.3.3/avr5\libgcc.a(_udivdi3.o)
                                0x18a (size before relaxing)
 .debug_str     0x00000172        0xa c:/src/winavr/bin/../lib/gcc/avr/4.3.3/avr5\libgcc.a(_umoddi3.o)
                                0x18a (size before relaxing)
 .debug_str     0x00000000       0xf4 c:/src/winavr/bin/../lib/gcc/avr/4.3.3/avr5\libgcc.a(_clz.o)

.debug_loc      0x00000000     0x3410
 *(.debug_loc)
 .debug_loc     0x00000000       0xf8 c:/src/winavr/bin/../lib/gcc/avr/4.3.3/avr5\libgcc.a(_ashldi3.o)
 .debug_loc     0x000000f8      0xe71 c:/src/winavr/bin/../lib/gcc/avr/4.3.3/avr5\libgcc.a(_divdi3.o)
 .debug_loc     0x00000f69      0xb81 c:/src/winavr/bin/../lib/gcc/avr/4.3.3/avr5\libgcc.a(_moddi3.o)
 .debug_loc     0x00001aea      0xe74 c:/src/winavr/bin/../lib/gcc/avr/4.3.3/avr5\libgcc.a(_udivdi3.o)
 .debug_loc     0x0000295e      0xab2 c:/src/winavr/bin/../lib/gcc/avr/4.3.3/avr5\libgcc.a(_umoddi3.o)

.debug_macinfo
 *(.debug_macinfo)
OUTPUT(MASTER.elf elf32-avr)
LOAD linker stubs

.debug_ranges   0x00000000       0x60
 .debug_ranges  0x00000000       0x18 c:/src/winavr/bin/../lib/gcc/avr/4.3.3/avr5\libgcc.a(_divdi3.o)
 .debug_ranges  0x00000018       0x18 c:/src/winavr/bin/../lib/gcc/avr/4.3.3/avr5\libgcc.a(_moddi3.o)
 .debug_ranges  0x00000030       0x18 c:/src/winavr/bin/../lib/gcc/avr/4.3.3/avr5\libgcc.a(_udivdi3.o)
 .debug_ranges  0x00000048       0x18 c:/src/winavr/bin/../lib/gcc/avr/4.3.3/avr5\libgcc.a(_umoddi3.o)
