Archive member included because of file (symbol)

c:/src/winavr/bin/../lib/gcc/avr/4.3.3/avr5\libgcc.a(_exit.o)
                              c:/src/winavr/bin/../lib/gcc/avr/4.3.3/../../../../avr/lib/avr5/crtm32.o (exit)
c:/src/winavr/bin/../lib/gcc/avr/4.3.3/avr5\libgcc.a(_copy_data.o)
                              ./SystemControl/SystemControl_Program.o (__do_copy_data)
c:/src/winavr/bin/../lib/gcc/avr/4.3.3/avr5\libgcc.a(_clear_bss.o)
                              ./SystemControl/SystemControl_Program.o (__do_clear_bss)
c:/src/winavr/bin/../lib/gcc/avr/4.3.3/avr5\libgcc.a(_ashldi3.o)
                              ./HAL/LCD/LCD_Program.o (__ashldi3)
c:/src/winavr/bin/../lib/gcc/avr/4.3.3/avr5\libgcc.a(_divdi3.o)
                              ./HAL/LCD/LCD_Program.o (__divdi3)
c:/src/winavr/bin/../lib/gcc/avr/4.3.3/avr5\libgcc.a(_moddi3.o)
                              ./HAL/LCD/LCD_Program.o (__moddi3)
c:/src/winavr/bin/../lib/gcc/avr/4.3.3/avr5\libgcc.a(_udivdi3.o)
                              ./HAL/LCD/LCD_Program.o (__udivdi3)
c:/src/winavr/bin/../lib/gcc/avr/4.3.3/avr5\libgcc.a(_umoddi3.o)
                              ./HAL/LCD/LCD_Program.o (__umoddi3)
c:/src/winavr/bin/../lib/gcc/avr/4.3.3/avr5\libgcc.a(_mulsi3.o)
                              c:/src/winavr/bin/../lib/gcc/avr/4.3.3/avr5\libgcc.a(_divdi3.o) (__mulsi3)
c:/src/winavr/bin/../lib/gcc/avr/4.3.3/avr5\libgcc.a(_udivmodsi4.o)
                              c:/src/winavr/bin/../lib/gcc/avr/4.3.3/avr5\libgcc.a(_divdi3.o) (__udivmodsi4)
c:/src/winavr/bin/../lib/gcc/avr/4.3.3/avr5\libgcc.a(_prologue.o)
                              c:/src/winavr/bin/../lib/gcc/avr/4.3.3/avr5\libgcc.a(_divdi3.o) (__prologue_saves__)
c:/src/winavr/bin/../lib/gcc/avr/4.3.3/avr5\libgcc.a(_epilogue.o)
                              c:/src/winavr/bin/../lib/gcc/avr/4.3.3/avr5\libgcc.a(_divdi3.o) (__epilogue_restores__)
c:/src/winavr/bin/../lib/gcc/avr/4.3.3/avr5\libgcc.a(_clz.o)
                              c:/src/winavr/bin/../lib/gcc/avr/4.3.3/avr5\libgcc.a(_divdi3.o) (__clz_tab)
c:/src/winavr/bin/../lib/gcc/avr/4.3.3/../../../../avr/lib/avr5\libc.a(memcpy.o)
                              ./FreeRTOS/queue.o (memcpy)
c:/src/winavr/bin/../lib/gcc/avr/4.3.3/../../../../avr/lib/avr5\libc.a(memset.o)
                              ./FreeRTOS/tasks.o (memset)
c:/src/winavr/bin/../lib/gcc/avr/4.3.3/../../../../avr/lib/avr5\libc.a(strncpy.o)
                              ./FreeRTOS/tasks.o (strncpy)

Allocating common symbols
Common symbol       size              file

PW_State            0x2               ./main.o
PW_Queue            0x2               ./main.o
PW_CheckSemaphore   0x2               ./main.o
LCD_Mutex           0x2               ./main.o
PW_ActionSemaphore  0x2               ./main.o
PW_EnterSemaphore   0x2               ./main.o

Memory Configuration

Name             Origin             Length             Attributes
text             0x00000000         0x00020000         xr
data             0x00800060         0x0000ffa0         rw !x
eeprom           0x00810000         0x00010000         rw !x
fuse             0x00820000         0x00000400         rw !x
lock             0x00830000         0x00000400         rw !x
signature        0x00840000         0x00000400         rw !x
*default*        0x00000000         0xffffffff

Linker script and memory map

LOAD c:/src/winavr/bin/../lib/gcc/avr/4.3.3/../../../../avr/lib/avr5/crtm32.o
LOAD ./SystemControl/SystemControl_Program.o
LOAD ./MCAL/USART/USART_Program.o
LOAD ./MCAL/TWI/TWI_Program.o
LOAD ./MCAL/TIMERS/TIMER_Program.o
LOAD ./MCAL/POWERMANAGEMENT/POWERMANAGEMENT_Program.o
LOAD ./MCAL/GIE/GIE_Program.o
LOAD ./MCAL/DIO/DIO_Program.o
LOAD ./HAL/LCD/LCD_Program.o
LOAD ./HAL/KPD/KPD_Program.o
LOAD ./HAL/EEPROM/EEPROM_Program.o
LOAD ./FreeRTOS/croutine.o
LOAD ./FreeRTOS/heap_1.o
LOAD ./FreeRTOS/list.o
LOAD ./FreeRTOS/port.o
LOAD ./FreeRTOS/queue.o
LOAD ./FreeRTOS/tasks.o
LOAD ./FreeRTOS/timers.o
LOAD ./main.o
LOAD c:/src/winavr/bin/../lib/gcc/avr/4.3.3/avr5\libgcc.a
LOAD c:/src/winavr/bin/../lib/gcc/avr/4.3.3/../../../../avr/lib/avr5\libc.a
LOAD c:/src/winavr/bin/../lib/gcc/avr/4.3.3/avr5\libgcc.a

.hash
 *(.hash)

.dynsym
 *(.dynsym)

.dynstr
 *(.dynstr)

.gnu.version
 *(.gnu.version)

.gnu.version_d
 *(.gnu.version_d)

.gnu.version_r
 *(.gnu.version_r)

.rel.init
 *(.rel.init)

.rela.init
 *(.rela.init)

.rel.text
 *(.rel.text)
 *(.rel.text.*)
 *(.rel.gnu.linkonce.t*)

.rela.text
 *(.rela.text)
 *(.rela.text.*)
 *(.rela.gnu.linkonce.t*)

.rel.fini
 *(.rel.fini)

.rela.fini
 *(.rela.fini)

.rel.rodata
 *(.rel.rodata)
 *(.rel.rodata.*)
 *(.rel.gnu.linkonce.r*)

.rela.rodata
 *(.rela.rodata)
 *(.rela.rodata.*)
 *(.rela.gnu.linkonce.r*)

.rel.data
 *(.rel.data)
 *(.rel.data.*)
 *(.rel.gnu.linkonce.d*)

.rela.data
 *(.rela.data)
 *(.rela.data.*)
 *(.rela.gnu.linkonce.d*)

.rel.ctors
 *(.rel.ctors)

.rela.ctors
 *(.rela.ctors)

.rel.dtors
 *(.rel.dtors)

.rela.dtors
 *(.rela.dtors)

.rel.got
 *(.rel.got)

.rela.got
 *(.rela.got)

.rel.bss
 *(.rel.bss)

.rela.bss
 *(.rela.bss)

.rel.plt
 *(.rel.plt)

.rela.plt
 *(.rela.plt)

.text           0x00000000     0x6e42
 *(.vectors)
 .vectors       0x00000000       0x54 c:/src/winavr/bin/../lib/gcc/avr/4.3.3/../../../../avr/lib/avr5/crtm32.o
                0x00000000                __vectors
                0x00000000                __vector_default
 *(.vectors)
 *(.progmem.gcc*)
 *(.progmem*)
                0x00000054                . = ALIGN (0x2)
                0x00000054                __trampolines_start = .
 *(.trampolines)
 .trampolines   0x00000054        0x0 linker stubs
 *(.trampolines*)
                0x00000054                __trampolines_end = .
 *(.jumptables)
 *(.jumptables*)
 *(.lowtext)
 *(.lowtext*)
                0x00000054                __ctors_start = .
 *(.ctors)
                0x00000054                __ctors_end = .
                0x00000054                __dtors_start = .
 *(.dtors)
                0x00000054                __dtors_end = .
 SORT(*)(.ctors)
 SORT(*)(.dtors)
 *(.init0)
 .init0         0x00000054        0x0 c:/src/winavr/bin/../lib/gcc/avr/4.3.3/../../../../avr/lib/avr5/crtm32.o
                0x00000054                __init
 *(.init0)
 *(.init1)
 *(.init1)
 *(.init2)
 .init2         0x00000054        0xc c:/src/winavr/bin/../lib/gcc/avr/4.3.3/../../../../avr/lib/avr5/crtm32.o
 *(.init2)
 *(.init3)
 *(.init3)
 *(.init4)
 .init4         0x00000060       0x16 c:/src/winavr/bin/../lib/gcc/avr/4.3.3/avr5\libgcc.a(_copy_data.o)
                0x00000060                __do_copy_data
 .init4         0x00000076       0x10 c:/src/winavr/bin/../lib/gcc/avr/4.3.3/avr5\libgcc.a(_clear_bss.o)
                0x00000076                __do_clear_bss
 *(.init4)
 *(.init5)
 *(.init5)
 *(.init6)
 *(.init6)
 *(.init7)
 *(.init7)
 *(.init8)
 *(.init8)
 *(.init9)
 .init9         0x00000086        0x8 c:/src/winavr/bin/../lib/gcc/avr/4.3.3/../../../../avr/lib/avr5/crtm32.o
 *(.init9)
 *(.text)
 .text          0x0000008e        0x4 c:/src/winavr/bin/../lib/gcc/avr/4.3.3/../../../../avr/lib/avr5/crtm32.o
                0x0000008e                __vector_1
                0x0000008e                __vector_12
                0x0000008e                __bad_interrupt
                0x0000008e                __vector_3
                0x0000008e                __vector_17
                0x0000008e                __vector_19
                0x0000008e                __vector_2
                0x0000008e                __vector_14
                0x0000008e                __vector_16
                0x0000008e                __vector_18
                0x0000008e                __vector_20
 .text          0x00000092        0x0 ./SystemControl/SystemControl_Program.o
 .text          0x00000092        0x0 ./MCAL/USART/USART_Program.o
 .text          0x00000092        0x0 ./MCAL/TWI/TWI_Program.o
 .text          0x00000092        0x0 ./MCAL/TIMERS/TIMER_Program.o
 .text          0x00000092        0x0 ./MCAL/POWERMANAGEMENT/POWERMANAGEMENT_Program.o
 .text          0x00000092        0x0 ./MCAL/GIE/GIE_Program.o
 .text          0x00000092        0x0 ./MCAL/DIO/DIO_Program.o
 .text          0x00000092        0x0 ./HAL/LCD/LCD_Program.o
 .text          0x00000092        0x0 ./HAL/KPD/KPD_Program.o
 .text          0x00000092        0x0 ./HAL/EEPROM/EEPROM_Program.o
 .text          0x00000092        0x0 ./FreeRTOS/croutine.o
 .text          0x00000092        0x0 ./FreeRTOS/heap_1.o
 .text          0x00000092        0x0 ./FreeRTOS/list.o
 .text          0x00000092        0x0 ./FreeRTOS/port.o
 .text          0x00000092        0x0 ./FreeRTOS/queue.o
 .text          0x00000092        0x0 ./FreeRTOS/tasks.o
 .text          0x00000092        0x0 ./FreeRTOS/timers.o
 .text          0x00000092        0x0 ./main.o
 .text          0x00000092        0x0 c:/src/winavr/bin/../lib/gcc/avr/4.3.3/avr5\libgcc.a(_exit.o)
 .text          0x00000092        0x0 c:/src/winavr/bin/../lib/gcc/avr/4.3.3/avr5\libgcc.a(_copy_data.o)
 .text          0x00000092        0x0 c:/src/winavr/bin/../lib/gcc/avr/4.3.3/avr5\libgcc.a(_clear_bss.o)
 .text          0x00000092       0xfe c:/src/winavr/bin/../lib/gcc/avr/4.3.3/avr5\libgcc.a(_ashldi3.o)
                0x00000092                __ashldi3
 .text          0x00000190     0x1050 c:/src/winavr/bin/../lib/gcc/avr/4.3.3/avr5\libgcc.a(_divdi3.o)
                0x00000190                __divdi3
 .text          0x000011e0     0x107a c:/src/winavr/bin/../lib/gcc/avr/4.3.3/avr5\libgcc.a(_moddi3.o)
                0x000011e0                __moddi3
 .text          0x0000225a      0xcea c:/src/winavr/bin/../lib/gcc/avr/4.3.3/avr5\libgcc.a(_udivdi3.o)
                0x0000225a                __udivdi3
 .text          0x00002f44      0xce0 c:/src/winavr/bin/../lib/gcc/avr/4.3.3/avr5\libgcc.a(_umoddi3.o)
                0x00002f44                __umoddi3
 .text          0x00003c24        0x0 c:/src/winavr/bin/../lib/gcc/avr/4.3.3/avr5\libgcc.a(_mulsi3.o)
 .text          0x00003c24        0x0 c:/src/winavr/bin/../lib/gcc/avr/4.3.3/avr5\libgcc.a(_udivmodsi4.o)
 .text          0x00003c24        0x0 c:/src/winavr/bin/../lib/gcc/avr/4.3.3/avr5\libgcc.a(_prologue.o)
 .text          0x00003c24        0x0 c:/src/winavr/bin/../lib/gcc/avr/4.3.3/avr5\libgcc.a(_epilogue.o)
 .text          0x00003c24        0x0 c:/src/winavr/bin/../lib/gcc/avr/4.3.3/avr5\libgcc.a(_clz.o)
 .text          0x00003c24        0x0 c:/src/winavr/bin/../lib/gcc/avr/4.3.3/../../../../avr/lib/avr5\libc.a(memcpy.o)
 .text          0x00003c24        0x0 c:/src/winavr/bin/../lib/gcc/avr/4.3.3/../../../../avr/lib/avr5\libc.a(memset.o)
 .text          0x00003c24        0x0 c:/src/winavr/bin/../lib/gcc/avr/4.3.3/../../../../avr/lib/avr5\libc.a(strncpy.o)
                0x00003c24                . = ALIGN (0x2)
 *(.text.*)
 .text.PW_Check
                0x00003c24      0x230 ./SystemControl/SystemControl_Program.o
                0x00003c24                PW_Check
 .text.PW_Enter
                0x00003e54      0x142 ./SystemControl/SystemControl_Program.o
                0x00003e54                PW_Enter
 .text.PW_Set   0x00003f96       0x34 ./SystemControl/SystemControl_Program.o
                0x00003f96                PW_Set
 .text.Keypad_Task
                0x00003fca       0x12 ./SystemControl/SystemControl_Program.o
                0x00003fca                Keypad_Task
 .text.USART_voidInit
                0x00003fdc       0x1a ./MCAL/USART/USART_Program.o
                0x00003fdc                USART_voidInit
 .text.USART_u8SendData
                0x00003ff6       0x38 ./MCAL/USART/USART_Program.o
                0x00003ff6                USART_u8SendData
 .text.USART_u8RecevieData
                0x0000402e       0x34 ./MCAL/USART/USART_Program.o
                0x0000402e                USART_u8RecevieData
 .text.USART_u8SendStringSynch
                0x00004062       0x26 ./MCAL/USART/USART_Program.o
                0x00004062                USART_u8SendStringSynch
 .text.USART_u8SendStringAsynch
                0x00004088       0x40 ./MCAL/USART/USART_Program.o
                0x00004088                USART_u8SendStringAsynch
 .text.USART_u8ReceiveBufferSynch
                0x000040c8       0x44 ./MCAL/USART/USART_Program.o
                0x000040c8                USART_u8ReceiveBufferSynch
 .text.USART_u8ReceiveBufferAsynch
                0x0000410c       0x42 ./MCAL/USART/USART_Program.o
                0x0000410c                USART_u8ReceiveBufferAsynch
 .text.__vector_13
                0x0000414e       0x7a ./MCAL/USART/USART_Program.o
                0x0000414e                __vector_13
 .text.__vector_15
                0x000041c8       0x78 ./MCAL/USART/USART_Program.o
                0x000041c8                __vector_15
 .text.TWI_voidInitMaster
                0x00004240       0x1e ./MCAL/TWI/TWI_Program.o
                0x00004240                TWI_voidInitMaster
 .text.TWI_voidInitSlave
                0x0000425e       0x12 ./MCAL/TWI/TWI_Program.o
                0x0000425e                TWI_voidInitSlave
 .text.TWI_SendStartCondition
                0x00004270       0x22 ./MCAL/TWI/TWI_Program.o
                0x00004270                TWI_SendStartCondition
 .text.TWI_SendRepeatedStart
                0x00004292       0x28 ./MCAL/TWI/TWI_Program.o
                0x00004292                TWI_SendRepeatedStart
 .text.TWI_SendSlaveAddressWithWrite
                0x000042ba       0x2e ./MCAL/TWI/TWI_Program.o
                0x000042ba                TWI_SendSlaveAddressWithWrite
 .text.TWI_SendSlaveAddressWithRead
                0x000042e8       0x2e ./MCAL/TWI/TWI_Program.o
                0x000042e8                TWI_SendSlaveAddressWithRead
 .text.TWI_MasterWriteDataByte
                0x00004316       0x24 ./MCAL/TWI/TWI_Program.o
                0x00004316                TWI_MasterWriteDataByte
 .text.TWI_MasterReadDataByte
                0x0000433a       0x28 ./MCAL/TWI/TWI_Program.o
                0x0000433a                TWI_MasterReadDataByte
 .text.TWI_SlaveWriteDataByte
                0x00004362       0x24 ./MCAL/TWI/TWI_Program.o
                0x00004362                TWI_SlaveWriteDataByte
 .text.TWI_SlaveReadDataByte
                0x00004386       0x42 ./MCAL/TWI/TWI_Program.o
                0x00004386                TWI_SlaveReadDataByte
 .text.TWI_SendStopCondition
                0x000043c8        0xe ./MCAL/TWI/TWI_Program.o
                0x000043c8                TWI_SendStopCondition
 .text.TIMER0_voidInit
                0x000043d6       0x22 ./MCAL/TIMERS/TIMER_Program.o
                0x000043d6                TIMER0_voidInit
 .text.TIMER0_voidSetPreload
                0x000043f8        0x4 ./MCAL/TIMERS/TIMER_Program.o
                0x000043f8                TIMER0_voidSetPreload
 .text.TIMER0_voidSetCTC
                0x000043fc        0x4 ./MCAL/TIMERS/TIMER_Program.o
                0x000043fc                TIMER0_voidSetCTC
 .text.TIMER0_voidSetFastPWM
                0x00004400        0x2 ./MCAL/TIMERS/TIMER_Program.o
                0x00004400                TIMER0_voidSetFastPWM
 .text.TIMER0_voidSetPhaseCorrectPWM
                0x00004402        0x2 ./MCAL/TIMERS/TIMER_Program.o
                0x00004402                TIMER0_voidSetPhaseCorrectPWM
 .text.TIMER0_u8GetTimerCounterValue
                0x00004404        0x4 ./MCAL/TIMERS/TIMER_Program.o
                0x00004404                TIMER0_u8GetTimerCounterValue
 .text.TIMER1_voidInit
                0x00004408       0x74 ./MCAL/TIMERS/TIMER_Program.o
                0x00004408                TIMER1_voidInit
 .text.TIMER1_voidSetPreload
                0x0000447c        0xa ./MCAL/TIMERS/TIMER_Program.o
                0x0000447c                TIMER1_voidSetPreload
 .text.TIMER1_voidSetCTCA
                0x00004486        0xa ./MCAL/TIMERS/TIMER_Program.o
                0x00004486                TIMER1_voidSetCTCA
 .text.TIMER1_voidSetCTCB
                0x00004490        0xa ./MCAL/TIMERS/TIMER_Program.o
                0x00004490                TIMER1_voidSetCTCB
 .text.TIMER1_u8GetTimerCounterValue
                0x0000449a       0x12 ./MCAL/TIMERS/TIMER_Program.o
                0x0000449a                TIMER1_u8GetTimerCounterValue
 .text.TIMER2_voidInit
                0x000044ac       0x30 ./MCAL/TIMERS/TIMER_Program.o
                0x000044ac                TIMER2_voidInit
 .text.TIMER2_voidSetPreload
                0x000044dc        0x4 ./MCAL/TIMERS/TIMER_Program.o
                0x000044dc                TIMER2_voidSetPreload
 .text.TIMER2_voidSetCTC
                0x000044e0        0x4 ./MCAL/TIMERS/TIMER_Program.o
                0x000044e0                TIMER2_voidSetCTC
 .text.TIMER2_voidSetFastPWM
                0x000044e4        0x2 ./MCAL/TIMERS/TIMER_Program.o
                0x000044e4                TIMER2_voidSetFastPWM
 .text.TIMER2_voidSetPhaseCorrectPWM
                0x000044e6        0x2 ./MCAL/TIMERS/TIMER_Program.o
                0x000044e6                TIMER2_voidSetPhaseCorrectPWM
 .text.TIMER2_u8GetTimerCounterValue
                0x000044e8        0x4 ./MCAL/TIMERS/TIMER_Program.o
                0x000044e8                TIMER2_u8GetTimerCounterValue
 .text.TIMER_voidICUInitEnable
                0x000044ec        0xe ./MCAL/TIMERS/TIMER_Program.o
                0x000044ec                TIMER_voidICUInitEnable
 .text.TIMER_voidICUSetTriggerEdge
                0x000044fa       0x12 ./MCAL/TIMERS/TIMER_Program.o
                0x000044fa                TIMER_voidICUSetTriggerEdge
 .text.TIMER_voidICUEnableInterrupt
                0x0000450c        0x8 ./MCAL/TIMERS/TIMER_Program.o
                0x0000450c                TIMER_voidICUEnableInterrupt
 .text.TIMER_voidICUDisableInterrupt
                0x00004514        0x8 ./MCAL/TIMERS/TIMER_Program.o
                0x00004514                TIMER_voidICUDisableInterrupt
 .text.TIMER_u16GetICR
                0x0000451c       0x12 ./MCAL/TIMERS/TIMER_Program.o
                0x0000451c                TIMER_u16GetICR
 .text.TIMER_voidWDTSleep
                0x0000452e        0xe ./MCAL/TIMERS/TIMER_Program.o
                0x0000452e                TIMER_voidWDTSleep
 .text.TIMER_voidWDTEnable
                0x0000453c        0x8 ./MCAL/TIMERS/TIMER_Program.o
                0x0000453c                TIMER_voidWDTEnable
 .text.TIMER_voidWDTDisable
                0x00004544        0xa ./MCAL/TIMERS/TIMER_Program.o
                0x00004544                TIMER_voidWDTDisable
 .text.TIMER_u8SetCallBack
                0x0000454e       0x26 ./MCAL/TIMERS/TIMER_Program.o
                0x0000454e                TIMER_u8SetCallBack
 .text.__vector_11
                0x00004574       0x52 ./MCAL/TIMERS/TIMER_Program.o
                0x00004574                __vector_11
 .text.__vector_10
                0x000045c6       0x52 ./MCAL/TIMERS/TIMER_Program.o
                0x000045c6                __vector_10
 .text.__vector_9
                0x00004618       0x52 ./MCAL/TIMERS/TIMER_Program.o
                0x00004618                __vector_9
 .text.__vector_8
                0x0000466a       0x52 ./MCAL/TIMERS/TIMER_Program.o
                0x0000466a                __vector_8
 .text.__vector_6
                0x000046bc       0x52 ./MCAL/TIMERS/TIMER_Program.o
                0x000046bc                __vector_6
 .text.__vector_5
                0x0000470e       0x52 ./MCAL/TIMERS/TIMER_Program.o
                0x0000470e                __vector_5
 .text.__vector_4
                0x00004760       0x52 ./MCAL/TIMERS/TIMER_Program.o
                0x00004760                __vector_4
 .text.Set_SleepMode
                0x000047b2       0x14 ./MCAL/POWERMANAGEMENT/POWERMANAGEMENT_Program.o
                0x000047b2                Set_SleepMode
 .text.Change_SleepMode
                0x000047c6       0x7e ./MCAL/POWERMANAGEMENT/POWERMANAGEMENT_Program.o
                0x000047c6                Change_SleepMode
 .text.CPU_SleepEnable
                0x00004844        0x8 ./MCAL/POWERMANAGEMENT/POWERMANAGEMENT_Program.o
                0x00004844                CPU_SleepEnable
 .text.CPU_SleepDisable
                0x0000484c        0x8 ./MCAL/POWERMANAGEMENT/POWERMANAGEMENT_Program.o
                0x0000484c                CPU_SleepDisable
 .text.Sleep_CPU
                0x00004854        0x4 ./MCAL/POWERMANAGEMENT/POWERMANAGEMENT_Program.o
                0x00004854                Sleep_CPU
 .text.CPU_Sleep
                0x00004858       0x18 ./MCAL/POWERMANAGEMENT/POWERMANAGEMENT_Program.o
                0x00004858                CPU_Sleep
 .text.GIE_voidEnable
                0x00004870        0x8 ./MCAL/GIE/GIE_Program.o
                0x00004870                GIE_voidEnable
 .text.GIE_voidDisable
                0x00004878        0x8 ./MCAL/GIE/GIE_Program.o
                0x00004878                GIE_voidDisable
 .text.DIO_u8SetPortValue
                0x00004880       0x28 ./MCAL/DIO/DIO_Program.o
                0x00004880                DIO_u8SetPortValue
 .text.DIO_u8SetPortDirection
                0x000048a8       0x28 ./MCAL/DIO/DIO_Program.o
                0x000048a8                DIO_u8SetPortDirection
 .text.DIO_u8GetPortValue
                0x000048d0       0x38 ./MCAL/DIO/DIO_Program.o
                0x000048d0                DIO_u8GetPortValue
 .text.DIO_u8SetPinValue
                0x00004908       0xf2 ./MCAL/DIO/DIO_Program.o
                0x00004908                DIO_u8SetPinValue
 .text.DIO_u8SetPinDirection
                0x000049fa       0xf2 ./MCAL/DIO/DIO_Program.o
                0x000049fa                DIO_u8SetPinDirection
 .text.DIO_u8GetPinValue
                0x00004aec       0x3e ./MCAL/DIO/DIO_Program.o
                0x00004aec                DIO_u8GetPinValue
 .text.DIO_u8ConnectPullUP
                0x00004b2a      0x118 ./MCAL/DIO/DIO_Program.o
                0x00004b2a                DIO_u8ConnectPullUP
 .text.DIO_u8TogglePinValue
                0x00004c42       0x74 ./MCAL/DIO/DIO_Program.o
                0x00004c42                DIO_u8TogglePinValue
 .text.LCD_voidSendData
                0x00004cb6       0x40 ./HAL/LCD/LCD_Program.o
                0x00004cb6                LCD_voidSendData
 .text.LCD_voidSendNumber
                0x00004cf6      0x304 ./HAL/LCD/LCD_Program.o
                0x00004cf6                LCD_voidSendNumber
 .text.LCD_voidSendString
                0x00004ffa       0x26 ./HAL/LCD/LCD_Program.o
                0x00004ffa                LCD_voidSendString
 .text.LCD_voidSendCommand
                0x00005020       0x40 ./HAL/LCD/LCD_Program.o
                0x00005020                LCD_voidSendCommand
 .text.LCD_voidClearScreen
                0x00005060        0x8 ./HAL/LCD/LCD_Program.o
                0x00005060                LCD_voidClearScreen
 .text.LCD_voidSetPosition
                0x00005068       0x18 ./HAL/LCD/LCD_Program.o
                0x00005068                LCD_voidSetPosition
 .text.LCD_voidSendCustomCharacter
                0x00005080       0x5a ./HAL/LCD/LCD_Program.o
                0x00005080                LCD_voidSendCustomCharacter
 .text.LCD_voidInit
                0x000050da       0x4c ./HAL/LCD/LCD_Program.o
                0x000050da                LCD_voidInit
 .text.KPD_u8GetPressed
                0x00005126       0xd8 ./HAL/KPD/KPD_Program.o
                0x00005126                KPD_u8GetPressed
 .text.KPD_Init
                0x000051fe       0x7a ./HAL/KPD/KPD_Program.o
                0x000051fe                KPD_Init
 .text.EEPROM_u8ReadDataByte
                0x00005278       0x46 ./HAL/EEPROM/EEPROM_Program.o
                0x00005278                EEPROM_u8ReadDataByte
 .text.EEPROM_voidSendDataByte
                0x000052be       0x38 ./HAL/EEPROM/EEPROM_Program.o
                0x000052be                EEPROM_voidSendDataByte
 .text.xCoRoutineRemoveFromEventList
                0x000052f6       0x4e ./FreeRTOS/croutine.o
                0x000052f6                xCoRoutineRemoveFromEventList
 .text.vCoRoutineSchedule
                0x00005344      0x1c0 ./FreeRTOS/croutine.o
                0x00005344                vCoRoutineSchedule
 .text.vCoRoutineAddToDelayedList
                0x00005504       0x7a ./FreeRTOS/croutine.o
                0x00005504                vCoRoutineAddToDelayedList
 .text.xCoRoutineCreate
                0x0000557e       0xf4 ./FreeRTOS/croutine.o
                0x0000557e                xCoRoutineCreate
 .text.vPortFree
                0x00005672        0x2 ./FreeRTOS/heap_1.o
                0x00005672                vPortFree
 .text.vPortInitialiseBlocks
                0x00005674        0xa ./FreeRTOS/heap_1.o
                0x00005674                vPortInitialiseBlocks
 .text.xPortGetFreeHeapSize
                0x0000567e       0x14 ./FreeRTOS/heap_1.o
                0x0000567e                xPortGetFreeHeapSize
 .text.pvPortMalloc
                0x00005692       0x4e ./FreeRTOS/heap_1.o
                0x00005692                pvPortMalloc
 .text.vListInitialise
                0x000056e0       0x20 ./FreeRTOS/list.o
                0x000056e0                vListInitialise
 .text.vListInitialiseItem
                0x00005700        0x8 ./FreeRTOS/list.o
                0x00005700                vListInitialiseItem
 .text.vListInsertEnd
                0x00005708       0x52 ./FreeRTOS/list.o
                0x00005708                vListInsertEnd
 .text.vListInsert
                0x0000575a       0x6a ./FreeRTOS/list.o
                0x0000575a                vListInsert
 .text.vListRemove
                0x000057c4       0x50 ./FreeRTOS/list.o
                0x000057c4                vListRemove
 .text.pxPortInitialiseStack
                0x00005814       0x90 ./FreeRTOS/port.o
                0x00005814                pxPortInitialiseStack
 .text.xPortStartScheduler
                0x000058a4       0x6a ./FreeRTOS/port.o
                0x000058a4                xPortStartScheduler
 .text.vPortEndScheduler
                0x0000590e        0x2 ./FreeRTOS/port.o
                0x0000590e                vPortEndScheduler
 .text.vPortYieldFromTick
                0x00005910       0xb6 ./FreeRTOS/port.o
                0x00005910                vPortYieldFromTick
 .text.__vector_7
                0x000059c6        0x6 ./FreeRTOS/port.o
                0x000059c6                __vector_7
 .text.vPortYield
                0x000059cc       0xb2 ./FreeRTOS/port.o
                0x000059cc                vPortYield
 .text.uxQueueMessagesWaiting
                0x00005a7e       0x10 ./FreeRTOS/queue.o
                0x00005a7e                uxQueueMessagesWaiting
 .text.uxQueueMessagesWaitingFromISR
                0x00005a8e        0x6 ./FreeRTOS/queue.o
                0x00005a8e                uxQueueMessagesWaitingFromISR
 .text.xQueueIsQueueEmptyFromISR
                0x00005a94       0x10 ./FreeRTOS/queue.o
                0x00005a94                xQueueIsQueueEmptyFromISR
 .text.xQueueIsQueueFullFromISR
                0x00005aa4       0x12 ./FreeRTOS/queue.o
                0x00005aa4                xQueueIsQueueFullFromISR
 .text.vQueueDelete
                0x00005ab6       0x1c ./FreeRTOS/queue.o
                0x00005ab6                vQueueDelete
 .text.xQueueReceiveFromISR
                0x00005ad2       0x7e ./FreeRTOS/queue.o
                0x00005ad2                xQueueReceiveFromISR
 .text.prvCopyDataToQueue
                0x00005b50       0x82 ./FreeRTOS/queue.o
 .text.xQueueGenericSendFromISR
                0x00005bd2       0x50 ./FreeRTOS/queue.o
                0x00005bd2                xQueueGenericSendFromISR
 .text.prvUnlockQueue
                0x00005c22       0x80 ./FreeRTOS/queue.o
 .text.xQueueGenericReceive
                0x00005ca2      0x198 ./FreeRTOS/queue.o
                0x00005ca2                xQueueGenericReceive
 .text.xQueueGenericSend
                0x00005e3a      0x148 ./FreeRTOS/queue.o
                0x00005e3a                xQueueGenericSend
 .text.xQueueCreate
                0x00005f82       0xbe ./FreeRTOS/queue.o
                0x00005f82                xQueueCreate
 .text.xQueueCreateCountingSemaphore
                0x00006040       0x18 ./FreeRTOS/queue.o
                0x00006040                xQueueCreateCountingSemaphore
 .text.xTaskIsTaskSuspended
                0x00006058       0x28 ./FreeRTOS/tasks.o
                0x00006058                xTaskIsTaskSuspended
 .text.vTaskSuspendAll
                0x00006080        0xc ./FreeRTOS/tasks.o
                0x00006080                vTaskSuspendAll
 .text.xTaskGetTickCount
                0x0000608c       0x16 ./FreeRTOS/tasks.o
                0x0000608c                xTaskGetTickCount
 .text.xTaskGetTickCountFromISR
                0x000060a2        0xc ./FreeRTOS/tasks.o
                0x000060a2                xTaskGetTickCountFromISR
 .text.uxTaskGetNumberOfTasks
                0x000060ae        0x6 ./FreeRTOS/tasks.o
                0x000060ae                uxTaskGetNumberOfTasks
 .text.vTaskSwitchContext
                0x000060b4       0x84 ./FreeRTOS/tasks.o
                0x000060b4                vTaskSwitchContext
 .text.vTaskSetTimeOutState
                0x00006138       0x16 ./FreeRTOS/tasks.o
                0x00006138                vTaskSetTimeOutState
 .text.xTaskCheckForTimeOut
                0x0000614e       0x7c ./FreeRTOS/tasks.o
                0x0000614e                xTaskCheckForTimeOut
 .text.vTaskMissedYield
                0x000061ca        0x8 ./FreeRTOS/tasks.o
                0x000061ca                vTaskMissedYield
 .text.uxTaskGetStackHighWaterMark
                0x000061d2       0x2e ./FreeRTOS/tasks.o
                0x000061d2                uxTaskGetStackHighWaterMark
 .text.xTaskRemoveFromEventList
                0x00006200       0x7e ./FreeRTOS/tasks.o
                0x00006200                xTaskRemoveFromEventList
 .text.vTaskIncrementTick
                0x0000627e      0x148 ./FreeRTOS/tasks.o
                0x0000627e                vTaskIncrementTick
 .text.xTaskResumeFromISR
                0x000063c6       0x9c ./FreeRTOS/tasks.o
                0x000063c6                xTaskResumeFromISR
 .text.prvAddCurrentTaskToDelayedList
                0x00006462       0x6e ./FreeRTOS/tasks.o
 .text.vTaskPlaceOnEventList
                0x000064d0       0x58 ./FreeRTOS/tasks.o
                0x000064d0                vTaskPlaceOnEventList
 .text.xTaskResumeAll
                0x00006528       0xf6 ./FreeRTOS/tasks.o
                0x00006528                xTaskResumeAll
 .text.vTaskResume
                0x0000661e       0x92 ./FreeRTOS/tasks.o
                0x0000661e                vTaskResume
 .text.vTaskSuspend
                0x000066b0       0xa2 ./FreeRTOS/tasks.o
                0x000066b0                vTaskSuspend
 .text.vTaskDelay
                0x00006752       0x4e ./FreeRTOS/tasks.o
                0x00006752                vTaskDelay
 .text.vTaskDelayUntil
                0x000067a0       0x78 ./FreeRTOS/tasks.o
                0x000067a0                vTaskDelayUntil
 .text.vTaskDelete
                0x00006818       0x9a ./FreeRTOS/tasks.o
                0x00006818                vTaskDelete
 .text.vTaskEndScheduler
                0x000068b2        0xc ./FreeRTOS/tasks.o
                0x000068b2                vTaskEndScheduler
 .text.prvIdleTask
                0x000068be       0x66 ./FreeRTOS/tasks.o
 .text.xTaskGenericCreate
                0x00006924      0x252 ./FreeRTOS/tasks.o
                0x00006924                xTaskGenericCreate
 .text.vTaskStartScheduler
                0x00006b76       0x56 ./FreeRTOS/tasks.o
                0x00006b76                vTaskStartScheduler
 .text.main     0x00006bcc      0x144 ./main.o
                0x00006bcc                main
 .text.libgcc   0x00006d10        0x0 c:/src/winavr/bin/../lib/gcc/avr/4.3.3/avr5\libgcc.a(_exit.o)
 .text.libgcc   0x00006d10        0x0 c:/src/winavr/bin/../lib/gcc/avr/4.3.3/avr5\libgcc.a(_copy_data.o)
 .text.libgcc   0x00006d10        0x0 c:/src/winavr/bin/../lib/gcc/avr/4.3.3/avr5\libgcc.a(_clear_bss.o)
 .text.libgcc   0x00006d10       0x3e c:/src/winavr/bin/../lib/gcc/avr/4.3.3/avr5\libgcc.a(_mulsi3.o)
                0x00006d10                __mulsi3
 .text.libgcc   0x00006d4e       0x44 c:/src/winavr/bin/../lib/gcc/avr/4.3.3/avr5\libgcc.a(_udivmodsi4.o)
                0x00006d4e                __udivmodsi4
 .text.libgcc   0x00006d92       0x38 c:/src/winavr/bin/../lib/gcc/avr/4.3.3/avr5\libgcc.a(_prologue.o)
                0x00006d92                __prologue_saves__
 .text.libgcc   0x00006dca       0x36 c:/src/winavr/bin/../lib/gcc/avr/4.3.3/avr5\libgcc.a(_epilogue.o)
                0x00006dca                __epilogue_restores__
 .text.avr-libc
                0x00006e00       0x12 c:/src/winavr/bin/../lib/gcc/avr/4.3.3/../../../../avr/lib/avr5\libc.a(memcpy.o)
                0x00006e00                memcpy
 .text.avr-libc
                0x00006e12        0xe c:/src/winavr/bin/../lib/gcc/avr/4.3.3/../../../../avr/lib/avr5\libc.a(memset.o)
                0x00006e12                memset
 .text.avr-libc
                0x00006e20       0x1e c:/src/winavr/bin/../lib/gcc/avr/4.3.3/../../../../avr/lib/avr5\libc.a(strncpy.o)
                0x00006e20                strncpy
                0x00006e3e                . = ALIGN (0x2)
 *(.fini9)
 .fini9         0x00006e3e        0x0 c:/src/winavr/bin/../lib/gcc/avr/4.3.3/avr5\libgcc.a(_exit.o)
                0x00006e3e                exit
                0x00006e3e                _exit
 *(.fini9)
 *(.fini8)
 *(.fini8)
 *(.fini7)
 *(.fini7)
 *(.fini6)
 *(.fini6)
 *(.fini5)
 *(.fini5)
 *(.fini4)
 *(.fini4)
 *(.fini3)
 *(.fini3)
 *(.fini2)
 *(.fini2)
 *(.fini1)
 *(.fini1)
 *(.fini0)
 .fini0         0x00006e3e        0x4 c:/src/winavr/bin/../lib/gcc/avr/4.3.3/avr5\libgcc.a(_exit.o)
 *(.fini0)
                0x00006e42                _etext = .

.data           0x00800060      0x18a load address 0x00006e42
                0x00800060                PROVIDE (__data_start, .)
 *(.data)
 .data          0x00800060        0x0 c:/src/winavr/bin/../lib/gcc/avr/4.3.3/../../../../avr/lib/avr5/crtm32.o
 .data          0x00800060       0x6c ./SystemControl/SystemControl_Program.o
 .data          0x008000cc        0x0 ./MCAL/USART/USART_Program.o
 .data          0x008000cc        0x0 ./MCAL/TWI/TWI_Program.o
 .data          0x008000cc        0x0 ./MCAL/TIMERS/TIMER_Program.o
 .data          0x008000cc        0x0 ./MCAL/POWERMANAGEMENT/POWERMANAGEMENT_Program.o
 .data          0x008000cc        0x0 ./MCAL/GIE/GIE_Program.o
 .data          0x008000cc        0x0 ./MCAL/DIO/DIO_Program.o
 .data          0x008000cc        0x0 ./HAL/LCD/LCD_Program.o
 .data          0x008000cc        0x0 ./HAL/KPD/KPD_Program.o
 .data          0x008000cc        0x0 ./HAL/EEPROM/EEPROM_Program.o
 .data          0x008000cc        0x0 ./FreeRTOS/croutine.o
 .data          0x008000cc        0x0 ./FreeRTOS/heap_1.o
 .data          0x008000cc        0x0 ./FreeRTOS/list.o
 .data          0x008000cc        0x0 ./FreeRTOS/port.o
 .data          0x008000cc        0x0 ./FreeRTOS/queue.o
 .data          0x008000cc        0x5 ./FreeRTOS/tasks.o
 .data          0x008000d1        0x0 ./FreeRTOS/timers.o
 .data          0x008000d1        0x0 ./main.o
 .data          0x008000d1        0x0 c:/src/winavr/bin/../lib/gcc/avr/4.3.3/avr5\libgcc.a(_exit.o)
 .data          0x008000d1        0x0 c:/src/winavr/bin/../lib/gcc/avr/4.3.3/avr5\libgcc.a(_copy_data.o)
 .data          0x008000d1        0x0 c:/src/winavr/bin/../lib/gcc/avr/4.3.3/avr5\libgcc.a(_clear_bss.o)
 .data          0x008000d1        0x0 c:/src/winavr/bin/../lib/gcc/avr/4.3.3/avr5\libgcc.a(_ashldi3.o)
 .data          0x008000d1        0x0 c:/src/winavr/bin/../lib/gcc/avr/4.3.3/avr5\libgcc.a(_divdi3.o)
 .data          0x008000d1        0x0 c:/src/winavr/bin/../lib/gcc/avr/4.3.3/avr5\libgcc.a(_moddi3.o)
 .data          0x008000d1        0x0 c:/src/winavr/bin/../lib/gcc/avr/4.3.3/avr5\libgcc.a(_udivdi3.o)
 .data          0x008000d1        0x0 c:/src/winavr/bin/../lib/gcc/avr/4.3.3/avr5\libgcc.a(_umoddi3.o)
 .data          0x008000d1        0x0 c:/src/winavr/bin/../lib/gcc/avr/4.3.3/avr5\libgcc.a(_mulsi3.o)
 .data          0x008000d1        0x0 c:/src/winavr/bin/../lib/gcc/avr/4.3.3/avr5\libgcc.a(_udivmodsi4.o)
 .data          0x008000d1        0x0 c:/src/winavr/bin/../lib/gcc/avr/4.3.3/avr5\libgcc.a(_prologue.o)
 .data          0x008000d1        0x0 c:/src/winavr/bin/../lib/gcc/avr/4.3.3/avr5\libgcc.a(_epilogue.o)
 .data          0x008000d1      0x100 c:/src/winavr/bin/../lib/gcc/avr/4.3.3/avr5\libgcc.a(_clz.o)
                0x008000d1                __clz_tab
 .data          0x008001d1        0x0 c:/src/winavr/bin/../lib/gcc/avr/4.3.3/../../../../avr/lib/avr5\libc.a(memcpy.o)
 .data          0x008001d1        0x0 c:/src/winavr/bin/../lib/gcc/avr/4.3.3/../../../../avr/lib/avr5\libc.a(memset.o)
 .data          0x008001d1        0x0 c:/src/winavr/bin/../lib/gcc/avr/4.3.3/../../../../avr/lib/avr5\libc.a(strncpy.o)
 *(.data*)
 .data.Local_u8Pressed
                0x008001d1        0x1 ./SystemControl/SystemControl_Program.o
                0x008001d1                Local_u8Pressed
 .data.Global_u8TryCounter
                0x008001d2        0x1 ./SystemControl/SystemControl_Program.o
                0x008001d2                Global_u8TryCounter
 .data.Local_pu16Password.1689
                0x008001d3        0x2 ./SystemControl/SystemControl_Program.o
 .data.Local_pu16Password.1663
                0x008001d5        0x2 ./SystemControl/SystemControl_Program.o
 .data.KPD_u8Buttons
                0x008001d7       0x10 ./HAL/KPD/KPD_Program.o
                0x008001d7                KPD_u8Buttons
 .data.xNextTaskUnblockTime
                0x008001e7        0x2 ./FreeRTOS/tasks.o
 *(.rodata)
 *(.rodata*)
 *(.gnu.linkonce.d*)
                0x008001ea                . = ALIGN (0x2)
 *fill*         0x008001e9        0x1 00
                0x008001ea                _edata = .
                0x008001ea                PROVIDE (__data_end, .)

.bss            0x008001ea      0x585
                0x008001ea                PROVIDE (__bss_start, .)
 *(.bss)
 .bss           0x008001ea        0x0 c:/src/winavr/bin/../lib/gcc/avr/4.3.3/../../../../avr/lib/avr5/crtm32.o
 .bss           0x008001ea        0x0 ./SystemControl/SystemControl_Program.o
 .bss           0x008001ea        0x0 ./MCAL/USART/USART_Program.o
 .bss           0x008001ea        0x0 ./MCAL/TWI/TWI_Program.o
 .bss           0x008001ea        0x0 ./MCAL/TIMERS/TIMER_Program.o
 .bss           0x008001ea        0x0 ./MCAL/POWERMANAGEMENT/POWERMANAGEMENT_Program.o
 .bss           0x008001ea        0x0 ./MCAL/GIE/GIE_Program.o
 .bss           0x008001ea        0x0 ./MCAL/DIO/DIO_Program.o
 .bss           0x008001ea        0x0 ./HAL/LCD/LCD_Program.o
 .bss           0x008001ea        0x0 ./HAL/KPD/KPD_Program.o
 .bss           0x008001ea        0x0 ./HAL/EEPROM/EEPROM_Program.o
 .bss           0x008001ea        0x0 ./FreeRTOS/croutine.o
 .bss           0x008001ea        0x0 ./FreeRTOS/heap_1.o
 .bss           0x008001ea        0x0 ./FreeRTOS/list.o
 .bss           0x008001ea        0x0 ./FreeRTOS/port.o
 .bss           0x008001ea        0x0 ./FreeRTOS/queue.o
 .bss           0x008001ea        0x0 ./FreeRTOS/tasks.o
 .bss           0x008001ea        0x0 ./FreeRTOS/timers.o
 .bss           0x008001ea        0x0 ./main.o
 .bss           0x008001ea        0x0 c:/src/winavr/bin/../lib/gcc/avr/4.3.3/avr5\libgcc.a(_exit.o)
 .bss           0x008001ea        0x0 c:/src/winavr/bin/../lib/gcc/avr/4.3.3/avr5\libgcc.a(_copy_data.o)
 .bss           0x008001ea        0x0 c:/src/winavr/bin/../lib/gcc/avr/4.3.3/avr5\libgcc.a(_clear_bss.o)
 .bss           0x008001ea        0x0 c:/src/winavr/bin/../lib/gcc/avr/4.3.3/avr5\libgcc.a(_ashldi3.o)
 .bss           0x008001ea        0x0 c:/src/winavr/bin/../lib/gcc/avr/4.3.3/avr5\libgcc.a(_divdi3.o)
 .bss           0x008001ea        0x0 c:/src/winavr/bin/../lib/gcc/avr/4.3.3/avr5\libgcc.a(_moddi3.o)
 .bss           0x008001ea        0x0 c:/src/winavr/bin/../lib/gcc/avr/4.3.3/avr5\libgcc.a(_udivdi3.o)
 .bss           0x008001ea        0x0 c:/src/winavr/bin/../lib/gcc/avr/4.3.3/avr5\libgcc.a(_umoddi3.o)
 .bss           0x008001ea        0x0 c:/src/winavr/bin/../lib/gcc/avr/4.3.3/avr5\libgcc.a(_mulsi3.o)
 .bss           0x008001ea        0x0 c:/src/winavr/bin/../lib/gcc/avr/4.3.3/avr5\libgcc.a(_udivmodsi4.o)
 .bss           0x008001ea        0x0 c:/src/winavr/bin/../lib/gcc/avr/4.3.3/avr5\libgcc.a(_prologue.o)
 .bss           0x008001ea        0x0 c:/src/winavr/bin/../lib/gcc/avr/4.3.3/avr5\libgcc.a(_epilogue.o)
 .bss           0x008001ea        0x0 c:/src/winavr/bin/../lib/gcc/avr/4.3.3/avr5\libgcc.a(_clz.o)
 .bss           0x008001ea        0x0 c:/src/winavr/bin/../lib/gcc/avr/4.3.3/../../../../avr/lib/avr5\libc.a(memcpy.o)
 .bss           0x008001ea        0x0 c:/src/winavr/bin/../lib/gcc/avr/4.3.3/../../../../avr/lib/avr5\libc.a(memset.o)
 .bss           0x008001ea        0x0 c:/src/winavr/bin/../lib/gcc/avr/4.3.3/../../../../avr/lib/avr5\libc.a(strncpy.o)
 *(.bss*)
 .bss.Global_u8RepPWReq
                0x008001ea        0x1 ./SystemControl/SystemControl_Program.o
                0x008001ea                Global_u8RepPWReq
 .bss.Global_u8RepEnter
                0x008001eb        0x1 ./SystemControl/SystemControl_Program.o
                0x008001eb                Global_u8RepEnter
 .bss.Global_PWResult
                0x008001ec        0x1 ./SystemControl/SystemControl_Program.o
                0x008001ec                Global_PWResult
 .bss.COL       0x008001ed        0x1 ./SystemControl/SystemControl_Program.o
                0x008001ed                COL
 .bss.Local_u16Password.1688
                0x008001ee        0x2 ./SystemControl/SystemControl_Program.o
 .bss.Local_u16CheckPassword.1687
                0x008001f0        0x2 ./SystemControl/SystemControl_Program.o
 .bss.Local_u16Password.1662
                0x008001f2        0x2 ./SystemControl/SystemControl_Program.o
 .bss.Local_u8Number.1661
                0x008001f4        0x1 ./SystemControl/SystemControl_Program.o
 .bss.USART_pu8SendData
                0x008001f5        0x2 ./MCAL/USART/USART_Program.o
 .bss.USART_u8State
                0x008001f7        0x1 ./MCAL/USART/USART_Program.o
 .bss.USART_pvNotificationFunc
                0x008001f8        0x2 ./MCAL/USART/USART_Program.o
 .bss.USART_pu8ReceiveData
                0x008001fa        0x2 ./MCAL/USART/USART_Program.o
 .bss.USART_u8BufferSize
                0x008001fc        0x1 ./MCAL/USART/USART_Program.o
 .bss.USART_u8Index
                0x008001fd        0x1 ./MCAL/USART/USART_Program.o
 .bss.TIMERS_ptfCallBackFuncArr
                0x008001fe       0x10 ./MCAL/TIMERS/TIMER_Program.o
 .bss.pxCurrentCoRoutine
                0x0080020e        0x2 ./FreeRTOS/croutine.o
                0x0080020e                pxCurrentCoRoutine
 .bss.uxTopCoRoutineReadyPriority
                0x00800210        0x1 ./FreeRTOS/croutine.o
 .bss.xLastTickCount
                0x00800211        0x2 ./FreeRTOS/croutine.o
 .bss.xPassedTicks
                0x00800213        0x2 ./FreeRTOS/croutine.o
 .bss.xCoRoutineTickCount
                0x00800215        0x2 ./FreeRTOS/croutine.o
 .bss.pxReadyCoRoutineLists
                0x00800217       0x12 ./FreeRTOS/croutine.o
 .bss.xDelayedCoRoutineList1
                0x00800229        0x9 ./FreeRTOS/croutine.o
 .bss.xDelayedCoRoutineList2
                0x00800232        0x9 ./FreeRTOS/croutine.o
 .bss.pxDelayedCoRoutineList
                0x0080023b        0x2 ./FreeRTOS/croutine.o
 .bss.pxOverflowDelayedCoRoutineList
                0x0080023d        0x2 ./FreeRTOS/croutine.o
 .bss.xPendingReadyCoRoutineList
                0x0080023f        0x9 ./FreeRTOS/croutine.o
 .bss.xNextFreeByte
                0x00800248        0x2 ./FreeRTOS/heap_1.o
 .bss.xHeap     0x0080024a      0x4b0 ./FreeRTOS/heap_1.o
 .bss.pxCurrentTCB
                0x008006fa        0x2 ./FreeRTOS/tasks.o
                0x008006fa                pxCurrentTCB
 .bss.xMissedYield
                0x008006fc        0x1 ./FreeRTOS/tasks.o
 .bss.xNumOfOverflows
                0x008006fd        0x1 ./FreeRTOS/tasks.o
 .bss.xTickCount
                0x008006fe        0x2 ./FreeRTOS/tasks.o
 .bss.uxSchedulerSuspended
                0x00800700        0x1 ./FreeRTOS/tasks.o
 .bss.uxTopReadyPriority
                0x00800701        0x1 ./FreeRTOS/tasks.o
 .bss.uxMissedTicks
                0x00800702        0x1 ./FreeRTOS/tasks.o
 .bss.uxCurrentNumberOfTasks
                0x00800703        0x1 ./FreeRTOS/tasks.o
 .bss.xSchedulerRunning
                0x00800704        0x1 ./FreeRTOS/tasks.o
 .bss.uxTasksDeleted
                0x00800705        0x1 ./FreeRTOS/tasks.o
 .bss.uxTaskNumber
                0x00800706        0x1 ./FreeRTOS/tasks.o
 .bss.uxTopUsedPriority
                0x00800707        0x1 ./FreeRTOS/tasks.o
 .bss.pxReadyTasksLists
                0x00800708       0x24 ./FreeRTOS/tasks.o
 .bss.xDelayedTaskList1
                0x0080072c        0x9 ./FreeRTOS/tasks.o
 .bss.xDelayedTaskList2
                0x00800735        0x9 ./FreeRTOS/tasks.o
 .bss.pxDelayedTaskList
                0x0080073e        0x2 ./FreeRTOS/tasks.o
 .bss.pxOverflowDelayedTaskList
                0x00800740        0x2 ./FreeRTOS/tasks.o
 .bss.xPendingReadyList
                0x00800742        0x9 ./FreeRTOS/tasks.o
 .bss.xTasksWaitingTermination
                0x0080074b        0x9 ./FreeRTOS/tasks.o
 .bss.xSuspendedTaskList
                0x00800754        0x9 ./FreeRTOS/tasks.o
 .bss.xEnterHandle
                0x0080075d        0x2 ./main.o
                0x0080075d                xEnterHandle
 .bss.xKeyHandle
                0x0080075f        0x2 ./main.o
                0x0080075f                xKeyHandle
 .bss.xCheckHandle
                0x00800761        0x2 ./main.o
                0x00800761                xCheckHandle
 *(COMMON)
 COMMON         0x00800763        0xc ./main.o
                0x00800763                PW_State
                0x00800765                PW_Queue
                0x00800767                PW_CheckSemaphore
                0x00800769                LCD_Mutex
                0x0080076b                PW_ActionSemaphore
                0x0080076d                PW_EnterSemaphore
                0x0080076f                PROVIDE (__bss_end, .)
                0x00006e42                __data_load_start = LOADADDR (.data)
                0x00006fcc                __data_load_end = (__data_load_start + SIZEOF (.data))

.noinit         0x0080076f        0x0
                0x0080076f                PROVIDE (__noinit_start, .)
 *(.noinit*)
                0x0080076f                PROVIDE (__noinit_end, .)
                0x0080076f                _end = .
                0x0080076f                PROVIDE (__heap_start, .)

.eeprom         0x00810000        0x0
 *(.eeprom*)
                0x00810000                __eeprom_end = .

.fuse
 *(.fuse)
 *(.lfuse)
 *(.hfuse)
 *(.efuse)

.lock
 *(.lock*)

.signature
 *(.signature*)

.stab           0x00000000     0x7eb4
 *(.stab)
 .stab          0x00000000      0xb40 ./SystemControl/SystemControl_Program.o
 .stab          0x00000b40      0x798 ./MCAL/USART/USART_Program.o
                                0x7a4 (size before relaxing)
 .stab          0x000012d8      0x774 ./MCAL/TWI/TWI_Program.o
                                0x780 (size before relaxing)
 .stab          0x00001a4c      0xae0 ./MCAL/TIMERS/TIMER_Program.o
                                0xaec (size before relaxing)
 .stab          0x0000252c      0x3d8 ./MCAL/POWERMANAGEMENT/POWERMANAGEMENT_Program.o
                                0x3e4 (size before relaxing)
 .stab          0x00002904      0x210 ./MCAL/GIE/GIE_Program.o
                                0x21c (size before relaxing)
 .stab          0x00002b14      0x894 ./MCAL/DIO/DIO_Program.o
                                0x8a0 (size before relaxing)
 .stab          0x000033a8      0x66c ./HAL/LCD/LCD_Program.o
                                0x804 (size before relaxing)
 .stab          0x00003a14      0x4d4 ./HAL/KPD/KPD_Program.o
                                0x66c (size before relaxing)
 .stab          0x00003ee8      0x354 ./HAL/EEPROM/EEPROM_Program.o
                                0x4f8 (size before relaxing)
 .stab          0x0000423c      0x7bc ./FreeRTOS/croutine.o
                                0x99c (size before relaxing)
 .stab          0x000049f8      0x33c ./FreeRTOS/heap_1.o
                                0x60c (size before relaxing)
 .stab          0x00004d34      0x474 ./FreeRTOS/list.o
                                0x750 (size before relaxing)
 .stab          0x000051a8      0x558 ./FreeRTOS/port.o
                                0x888 (size before relaxing)
 .stab          0x00005700      0xce4 ./FreeRTOS/queue.o
                               0x1020 (size before relaxing)
 .stab          0x000063e4     0x1530 ./FreeRTOS/tasks.o
                               0x1788 (size before relaxing)
 .stab          0x00007914      0x1c8 ./FreeRTOS/timers.o
                                0x4c8 (size before relaxing)
 .stab          0x00007adc      0x3d8 ./main.o
                                0x714 (size before relaxing)

.stabstr        0x00000000     0x4786
 *(.stabstr)
 .stabstr       0x00000000     0x4786 ./SystemControl/SystemControl_Program.o

.stab.excl
 *(.stab.excl)

.stab.exclstr
 *(.stab.exclstr)

.stab.index
 *(.stab.index)

.stab.indexstr
 *(.stab.indexstr)

.comment
 *(.comment)

.debug
 *(.debug)

.line
 *(.line)

.debug_srcinfo
 *(.debug_srcinfo)

.debug_sfnames
 *(.debug_sfnames)

.debug_aranges  0x00000000       0xa0
 *(.debug_aranges)
 .debug_aranges
                0x00000000       0x20 c:/src/winavr/bin/../lib/gcc/avr/4.3.3/avr5\libgcc.a(_ashldi3.o)
 .debug_aranges
                0x00000020       0x20 c:/src/winavr/bin/../lib/gcc/avr/4.3.3/avr5\libgcc.a(_divdi3.o)
 .debug_aranges
                0x00000040       0x20 c:/src/winavr/bin/../lib/gcc/avr/4.3.3/avr5\libgcc.a(_moddi3.o)
 .debug_aranges
                0x00000060       0x20 c:/src/winavr/bin/../lib/gcc/avr/4.3.3/avr5\libgcc.a(_udivdi3.o)
 .debug_aranges
                0x00000080       0x20 c:/src/winavr/bin/../lib/gcc/avr/4.3.3/avr5\libgcc.a(_umoddi3.o)

.debug_pubnames
                0x00000000       0xbe
 *(.debug_pubnames)
 .debug_pubnames
                0x00000000       0x20 c:/src/winavr/bin/../lib/gcc/avr/4.3.3/avr5\libgcc.a(_ashldi3.o)
 .debug_pubnames
                0x00000020       0x1f c:/src/winavr/bin/../lib/gcc/avr/4.3.3/avr5\libgcc.a(_divdi3.o)
 .debug_pubnames
                0x0000003f       0x1f c:/src/winavr/bin/../lib/gcc/avr/4.3.3/avr5\libgcc.a(_moddi3.o)
 .debug_pubnames
                0x0000005e       0x20 c:/src/winavr/bin/../lib/gcc/avr/4.3.3/avr5\libgcc.a(_udivdi3.o)
 .debug_pubnames
                0x0000007e       0x20 c:/src/winavr/bin/../lib/gcc/avr/4.3.3/avr5\libgcc.a(_umoddi3.o)
 .debug_pubnames
                0x0000009e       0x20 c:/src/winavr/bin/../lib/gcc/avr/4.3.3/avr5\libgcc.a(_clz.o)

.debug_info     0x00000000     0x1f74
 *(.debug_info)
 .debug_info    0x00000000      0x17f c:/src/winavr/bin/../lib/gcc/avr/4.3.3/avr5\libgcc.a(_ashldi3.o)
 .debug_info    0x0000017f      0x756 c:/src/winavr/bin/../lib/gcc/avr/4.3.3/avr5\libgcc.a(_divdi3.o)
 .debug_info    0x000008d5      0x781 c:/src/winavr/bin/../lib/gcc/avr/4.3.3/avr5\libgcc.a(_moddi3.o)
 .debug_info    0x00001056      0x71e c:/src/winavr/bin/../lib/gcc/avr/4.3.3/avr5\libgcc.a(_udivdi3.o)
 .debug_info    0x00001774      0x757 c:/src/winavr/bin/../lib/gcc/avr/4.3.3/avr5\libgcc.a(_umoddi3.o)
 .debug_info    0x00001ecb       0xa9 c:/src/winavr/bin/../lib/gcc/avr/4.3.3/avr5\libgcc.a(_clz.o)
 *(.gnu.linkonce.wi.*)

.debug_abbrev   0x00000000      0x7a7
 *(.debug_abbrev)
 .debug_abbrev  0x00000000       0xee c:/src/winavr/bin/../lib/gcc/avr/4.3.3/avr5\libgcc.a(_ashldi3.o)
 .debug_abbrev  0x000000ee      0x19f c:/src/winavr/bin/../lib/gcc/avr/4.3.3/avr5\libgcc.a(_divdi3.o)
 .debug_abbrev  0x0000028d      0x19f c:/src/winavr/bin/../lib/gcc/avr/4.3.3/avr5\libgcc.a(_moddi3.o)
 .debug_abbrev  0x0000042c      0x181 c:/src/winavr/bin/../lib/gcc/avr/4.3.3/avr5\libgcc.a(_udivdi3.o)
 .debug_abbrev  0x000005ad      0x190 c:/src/winavr/bin/../lib/gcc/avr/4.3.3/avr5\libgcc.a(_umoddi3.o)
 .debug_abbrev  0x0000073d       0x6a c:/src/winavr/bin/../lib/gcc/avr/4.3.3/avr5\libgcc.a(_clz.o)

.debug_line     0x00000000      0xa03
 *(.debug_line)
 .debug_line    0x00000000       0xd7 c:/src/winavr/bin/../lib/gcc/avr/4.3.3/avr5\libgcc.a(_ashldi3.o)
 .debug_line    0x000000d7      0x228 c:/src/winavr/bin/../lib/gcc/avr/4.3.3/avr5\libgcc.a(_divdi3.o)
 .debug_line    0x000002ff      0x280 c:/src/winavr/bin/../lib/gcc/avr/4.3.3/avr5\libgcc.a(_moddi3.o)
 .debug_line    0x0000057f      0x1d8 c:/src/winavr/bin/../lib/gcc/avr/4.3.3/avr5\libgcc.a(_udivdi3.o)
 .debug_line    0x00000757      0x230 c:/src/winavr/bin/../lib/gcc/avr/4.3.3/avr5\libgcc.a(_umoddi3.o)
 .debug_line    0x00000987       0x7c c:/src/winavr/bin/../lib/gcc/avr/4.3.3/avr5\libgcc.a(_clz.o)

.debug_frame    0x00000000       0xa0
 *(.debug_frame)
 .debug_frame   0x00000000       0x20 c:/src/winavr/bin/../lib/gcc/avr/4.3.3/avr5\libgcc.a(_ashldi3.o)
 .debug_frame   0x00000020       0x20 c:/src/winavr/bin/../lib/gcc/avr/4.3.3/avr5\libgcc.a(_divdi3.o)
 .debug_frame   0x00000040       0x20 c:/src/winavr/bin/../lib/gcc/avr/4.3.3/avr5\libgcc.a(_moddi3.o)
 .debug_frame   0x00000060       0x20 c:/src/winavr/bin/../lib/gcc/avr/4.3.3/avr5\libgcc.a(_udivdi3.o)
 .debug_frame   0x00000080       0x20 c:/src/winavr/bin/../lib/gcc/avr/4.3.3/avr5\libgcc.a(_umoddi3.o)

.debug_str      0x00000000      0x17c
 *(.debug_str)
 .debug_str     0x00000000       0xe4 c:/src/winavr/bin/../lib/gcc/avr/4.3.3/avr5\libgcc.a(_ashldi3.o)
                                0x131 (size before relaxing)
 .debug_str     0x000000e4       0x7b c:/src/winavr/bin/../lib/gcc/avr/4.3.3/avr5\libgcc.a(_divdi3.o)
                                0x189 (size before relaxing)
 .debug_str     0x0000015f        0x9 c:/src/winavr/bin/../lib/gcc/avr/4.3.3/avr5\libgcc.a(_moddi3.o)
                                0x189 (size before relaxing)
 .debug_str     0x00000168        0xa c:/src/winavr/bin/../lib/gcc/avr/4.3.3/avr5\libgcc.a(_udivdi3.o)
                                0x18a (size before relaxing)
 .debug_str     0x00000172        0xa c:/src/winavr/bin/../lib/gcc/avr/4.3.3/avr5\libgcc.a(_umoddi3.o)
                                0x18a (size before relaxing)
 .debug_str     0x00000000       0xf4 c:/src/winavr/bin/../lib/gcc/avr/4.3.3/avr5\libgcc.a(_clz.o)

.debug_loc      0x00000000     0x3410
 *(.debug_loc)
 .debug_loc     0x00000000       0xf8 c:/src/winavr/bin/../lib/gcc/avr/4.3.3/avr5\libgcc.a(_ashldi3.o)
 .debug_loc     0x000000f8      0xe71 c:/src/winavr/bin/../lib/gcc/avr/4.3.3/avr5\libgcc.a(_divdi3.o)
 .debug_loc     0x00000f69      0xb81 c:/src/winavr/bin/../lib/gcc/avr/4.3.3/avr5\libgcc.a(_moddi3.o)
 .debug_loc     0x00001aea      0xe74 c:/src/winavr/bin/../lib/gcc/avr/4.3.3/avr5\libgcc.a(_udivdi3.o)
 .debug_loc     0x0000295e      0xab2 c:/src/winavr/bin/../lib/gcc/avr/4.3.3/avr5\libgcc.a(_umoddi3.o)

.debug_macinfo
 *(.debug_macinfo)
OUTPUT(AVR_DRIVER.elf elf32-avr)
LOAD linker stubs

.debug_ranges   0x00000000       0x60
 .debug_ranges  0x00000000       0x18 c:/src/winavr/bin/../lib/gcc/avr/4.3.3/avr5\libgcc.a(_divdi3.o)
 .debug_ranges  0x00000018       0x18 c:/src/winavr/bin/../lib/gcc/avr/4.3.3/avr5\libgcc.a(_moddi3.o)
 .debug_ranges  0x00000030       0x18 c:/src/winavr/bin/../lib/gcc/avr/4.3.3/avr5\libgcc.a(_udivdi3.o)
 .debug_ranges  0x00000048       0x18 c:/src/winavr/bin/../lib/gcc/avr/4.3.3/avr5\libgcc.a(_umoddi3.o)
